This is pdfTeX, Version 3.141592653-2.6-1.40.29 (MiKTeX 26.2) (preloaded format=pdflatex 2026.4.30)  5 AUG 2026 17:36
entering extended mode
 \write18 enabled.
 file:line:error style messages enabled.
 %&-line parsing enabled.
**c:/Users/Usuario/Desktop/FING/5-2/AyCD/Proyecto/Informe/informe.tex
(c:/Users/Usuario/Desktop/FING/5-2/AyCD/Proyecto/Informe/informe.tex
LaTeX2e <2025-11-01>
L3 programming layer <2026-03-20>
(C:\Users\Usuario\AppData\Local\Programs\MiKTeX\tex/latex/base\article.cls
Document Class: article 2025/01/22 v1.4n Standard LaTeX document class
(C:\Users\Usuario\AppData\Local\Programs\MiKTeX\tex/latex/base\size12.clo
File: size12.clo 2025/01/22 v1.4n Standard LaTeX file (size option)
)
\c@part=\count275
\c@section=\count276
\c@subsection=\count277
\c@subsubsection=\count278
\c@paragraph=\count279
\c@subparagraph=\count280
\c@figure=\count281
\c@table=\count282
\abovecaptionskip=\skip49
\belowcaptionskip=\skip50
\bibindent=\dimen150
) (C:\Users\Usuario\AppData\Local\Programs\MiKTeX\tex/latex/base\inputenc.sty
Package: inputenc 2024/02/08 v1.3d Input encoding file
\inpenc@prehook=\toks17
\inpenc@posthook=\toks18
) (C:\Users\Usuario\AppData\Local\Programs\MiKTeX\tex/latex/base\fontenc.sty
Package: fontenc 2025/07/18 v2.1d Standard LaTeX package
) (C:\Users\Usuario\AppData\Local\Programs\MiKTeX\tex/generic/babel\babel.sty
Package: babel 2026/04/15 v26.6 The multilingual framework for LuaLaTeX, pdfLaTeX and XeLaTeX
\babel@savecnt=\count283
LaTeX Encoding Info:    Redeclaring text command \ij (encoding OT1) on input line 2078.
LaTeX Encoding Info:    Redeclaring text command \IJ (encoding OT1) on input line 2080.
LaTeX Encoding Info:    Redeclaring text command \ij (encoding T1) on input line 2082.
LaTeX Encoding Info:    Redeclaring text command \IJ (encoding T1) on input line 2083.
LaTeX Encoding Info:    Ignoring declaration for text command \ij (encoding ?) on input line 2084.
LaTeX Encoding Info:    Ignoring declaration for text command \IJ (encoding ?) on input line 2086.
LaTeX Encoding Info:    Ignoring declaration for text command \SS (encoding ?) on input line 2111.
\U@D=\dimen151
\l@unhyphenated=\language79
 (C:\Users\Usuario\AppData\Local\Programs\MiKTeX\tex/generic/babel\txtbabel.def)
\bbl@readstream=\read2
\bbl@dirlevel=\count284
Package babel Info: Configuration files are deprecated, as
(babel)             they can break document portability.
(babel)             Reported on input line 4206.

*************************************
* Local config file bblopts.cfg used
*
(C:\Users\Usuario\AppData\Local\Programs\MiKTeX\tex/latex/arabi\bblopts.cfg
File: bblopts.cfg 2005/09/08 v0.1 add Arabic and Farsi to "declared" options of babel
) (C:\Users\Usuario\AppData\Local\Programs\MiKTeX\tex/generic/babel/locale/es\babel-spanish.tex)
Package babel Info: Importing font and identification data for spanish
(babel)             from babel-es.ini. Reported on input line 4330.
 (C:\Users\Usuario\AppData\Local\Programs\MiKTeX\tex/latex/babel-spanish\spanish.ldf
Language: spanish.ldf 2021/05/27 v5.0q Spanish support from the babel system
\es@quottoks=\toks19
\es@quotdepth=\count285
Package babel Info: Making " an active character on input line 570.
Package babel Info: Making . an active character on input line 675.
Package babel Info: Making < an active character on input line 722.
Package babel Info: Making > an active character on input line 722.
))
LaTeX Encoding Info:    Redeclaring text command \guillemotleft (encoding OT1) on input line 11.
LaTeX Encoding Info:    Redeclaring text command \guillemotright (encoding OT1) on input line 11.
 (C:\Users\Usuario\AppData\Local\Programs\MiKTeX\tex/latex/geometry\geometry.sty
Package: geometry 2026/03/07 v6.0 Page Geometry
 (C:\Users\Usuario\AppData\Local\Programs\MiKTeX\tex/latex/graphics\keyval.sty
Package: keyval 2022/05/29 v1.15 key=value parser (DPC)
\KV@toks@=\toks20
) (C:\Users\Usuario\AppData\Local\Programs\MiKTeX\tex/generic/iftex\ifvtex.sty
Package: ifvtex 2019/10/25 v1.7 ifvtex legacy package. Use iftex instead.
 (C:\Users\Usuario\AppData\Local\Programs\MiKTeX\tex/generic/iftex\iftex.sty
Package: iftex 2024/12/12 v1.0g TeX engine tests
))
\Gm@cnth=\count286
\Gm@cntv=\count287
\c@Gm@tempcnt=\count288
\Gm@bindingoffset=\dimen152
\Gm@wd@mp=\dimen153
\Gm@odd@mp=\dimen154
\Gm@even@mp=\dimen155
\Gm@layoutwidth=\dimen156
\Gm@layoutheight=\dimen157
\Gm@layouthoffset=\dimen158
\Gm@layoutvoffset=\dimen159
\Gm@dimlist=\toks21
 (C:\Users\Usuario\AppData\Local\Programs\MiKTeX\tex/latex/geometry\geometry.cfg)) (C:\Users\Usuario\AppData\Local\Programs\MiKTeX\tex/latex/graphics\graphicx.sty
Package: graphicx 2024/12/31 v1.2e Enhanced LaTeX Graphics (DPC,SPQR)
 (C:\Users\Usuario\AppData\Local\Programs\MiKTeX\tex/latex/graphics\graphics.sty
Package: graphics 2024/08/06 v1.4g Standard LaTeX Graphics (DPC,SPQR)
 (C:\Users\Usuario\AppData\Local\Programs\MiKTeX\tex/latex/graphics\trig.sty
Package: trig 2023/12/02 v1.11 sin cos tan (DPC)
) (C:\Users\Usuario\AppData\Local\Programs\MiKTeX\tex/latex/graphics-cfg\graphics.cfg
File: graphics.cfg 2016/06/04 v1.11 sample graphics configuration
)
Package graphics Info: Driver file: pdftex.def on input line 106.
 (C:\Users\Usuario\AppData\Local\Programs\MiKTeX\tex/latex/graphics-def\pdftex.def
File: pdftex.def 2025/09/29 v1.2d Graphics/color driver for pdftex
))
\Gin@req@height=\dimen160
\Gin@req@width=\dimen161
) (C:\Users\Usuario\AppData\Local\Programs\MiKTeX\tex/latex/xcolor\xcolor.sty
Package: xcolor 2024/09/29 v3.02 LaTeX color extensions (UK)
 (C:\Users\Usuario\AppData\Local\Programs\MiKTeX\tex/latex/graphics-cfg\color.cfg
File: color.cfg 2016/01/02 v1.6 sample color configuration
)
Package xcolor Info: Driver file: pdftex.def on input line 274.
 (C:\Users\Usuario\AppData\Local\Programs\MiKTeX\tex/latex/graphics\mathcolor.ltx)
Package xcolor Info: Model `cmy' substituted by `cmy0' on input line 1349.
Package xcolor Info: Model `hsb' substituted by `rgb' on input line 1353.
Package xcolor Info: Model `RGB' extended on input line 1365.
Package xcolor Info: Model `HTML' substituted by `rgb' on input line 1367.
Package xcolor Info: Model `Hsb' substituted by `hsb' on input line 1368.
Package xcolor Info: Model `tHsb' substituted by `hsb' on input line 1369.
Package xcolor Info: Model `HSB' substituted by `hsb' on input line 1370.
Package xcolor Info: Model `Gray' substituted by `gray' on input line 1371.
Package xcolor Info: Model `wave' substituted by `hsb' on input line 1372.
) (C:\Users\Usuario\AppData\Local\Programs\MiKTeX\tex/latex/graphics\dvipsnam.def
File: dvipsnam.def 2016/06/17 v3.0m Driver-dependent file (DPC,SPQR)
) (C:\Users\Usuario\AppData\Local\Programs\MiKTeX\tex/latex/colortbl\colortbl.sty
Package: colortbl 2024/10/29 v1.0k Color table columns (DPC)
 (C:\Users\Usuario\AppData\Local\Programs\MiKTeX\tex/latex/tools\array.sty
Package: array 2025/09/25 v2.6n Tabular extension package (FMi)
\col@sep=\dimen162
\ar@mcellbox=\box53
\extrarowheight=\dimen163
\NC@list=\toks22
\extratabsurround=\skip51
\backup@length=\skip52
\ar@cellbox=\box54
)
\everycr=\toks23
\minrowclearance=\skip53
\rownum=\count289
) (C:\Users\Usuario\AppData\Local\Programs\MiKTeX\tex/latex/fancyhdr\fancyhdr.sty
Package: fancyhdr 2025/02/07 v5.2 Extensive control of page headers and footers
\f@nch@headwidth=\skip54
\f@nch@offset@elh=\skip55
\f@nch@offset@erh=\skip56
\f@nch@offset@olh=\skip57
\f@nch@offset@orh=\skip58
\f@nch@offset@elf=\skip59
\f@nch@offset@erf=\skip60
\f@nch@offset@olf=\skip61
\f@nch@offset@orf=\skip62
\f@nch@height=\skip63
\f@nch@footalignment=\skip64
\f@nch@widthL=\skip65
\f@nch@widthC=\skip66
\f@nch@widthR=\skip67
\@temptokenb=\toks24
) (C:\Users\Usuario\AppData\Local\Programs\MiKTeX\tex/latex/lastpage\lastpage.sty
Package: lastpage 2025/08/14 v2.1h lastpage: 2.09 or 2e? (HMM)
 (C:\Users\Usuario\AppData\Local\Programs\MiKTeX\tex/latex/lastpage\lastpage2e.sty
Package: lastpage2e 2025/08/14 v2.1h Decide which 2e lastpage version to use (HMM)
 (C:\Users\Usuario\AppData\Local\Programs\MiKTeX\tex/latex/lastpage\lastpagemodern.sty
Package: lastpagemodern 2025-08-14 v2.1h Refers to last page's name (HMM; JPG)
\c@lastpagecount=\count290
) 
)) (C:\Users\Usuario\AppData\Local\Programs\MiKTeX\tex/latex/amsmath\amsmath.sty
Package: amsmath 2025/07/09 v2.17z AMS math features
\@mathmargin=\skip68

For additional information on amsmath, use the `?' option.
(C:\Users\Usuario\AppData\Local\Programs\MiKTeX\tex/latex/amsmath\amstext.sty
Package: amstext 2024/11/17 v2.01 AMS text
 (C:\Users\Usuario\AppData\Local\Programs\MiKTeX\tex/latex/amsmath\amsgen.sty
File: amsgen.sty 1999/11/30 v2.0 generic functions
\@emptytoks=\toks25
\ex@=\dimen164
)) (C:\Users\Usuario\AppData\Local\Programs\MiKTeX\tex/latex/amsmath\amsbsy.sty
Package: amsbsy 1999/11/29 v1.2d Bold Symbols
\pmbraise@=\dimen165
) (C:\Users\Usuario\AppData\Local\Programs\MiKTeX\tex/latex/amsmath\amsopn.sty
Package: amsopn 2022/04/08 v2.04 operator names
)
\inf@bad=\count291
LaTeX Info: Redefining \frac on input line 233.
\uproot@=\count292
\leftroot@=\count293
LaTeX Info: Redefining \overline on input line 398.
LaTeX Info: Redefining \colon on input line 409.
\classnum@=\count294
\DOTSCASE@=\count295
LaTeX Info: Redefining \ldots on input line 495.
LaTeX Info: Redefining \dots on input line 498.
LaTeX Info: Redefining \cdots on input line 619.
\Mathstrutbox@=\box55
\strutbox@=\box56
LaTeX Info: Redefining \big on input line 721.
LaTeX Info: Redefining \Big on input line 722.
LaTeX Info: Redefining \bigg on input line 723.
LaTeX Info: Redefining \Bigg on input line 724.
\big@size=\dimen166
LaTeX Font Info:    Redeclaring font encoding OML on input line 742.
LaTeX Font Info:    Redeclaring font encoding OMS on input line 743.
\macc@depth=\count296
LaTeX Info: Redefining \bmod on input line 904.
LaTeX Info: Redefining \pmod on input line 909.
LaTeX Info: Redefining \smash on input line 939.
LaTeX Info: Redefining \relbar on input line 969.
LaTeX Info: Redefining \Relbar on input line 970.
\c@MaxMatrixCols=\count297
\dotsspace@=\muskip17
\c@parentequation=\count298
\dspbrk@lvl=\count299
\tag@help=\toks26
\row@=\count300
\column@=\count301
\maxfields@=\count302
\andhelp@=\toks27
\eqnshift@=\dimen167
\alignsep@=\dimen168
\tagshift@=\dimen169
\tagwidth@=\dimen170
\totwidth@=\dimen171
\lineht@=\dimen172
\@envbody=\toks28
\multlinegap=\skip69
\multlinetaggap=\skip70
\mathdisplay@stack=\toks29
LaTeX Info: Redefining \[ on input line 2950.
LaTeX Info: Redefining \] on input line 2951.
) (C:\Users\Usuario\AppData\Local\Programs\MiKTeX\tex/latex/amsfonts\amssymb.sty
Package: amssymb 2013/01/14 v3.01 AMS font symbols
 (C:\Users\Usuario\AppData\Local\Programs\MiKTeX\tex/latex/amsfonts\amsfonts.sty
Package: amsfonts 2013/01/14 v3.01 Basic AMSFonts support
\symAMSa=\mathgroup4
\symAMSb=\mathgroup5
LaTeX Font Info:    Redeclaring math symbol \hbar on input line 98.
LaTeX Font Info:    Overwriting math alphabet `\mathfrak' in version `bold'
(Font)                  U/euf/m/n --> U/euf/b/n on input line 106.
)) (C:\Users\Usuario\AppData\Local\Programs\MiKTeX\tex/latex/tools\tabularx.sty
Package: tabularx 2023/12/11 v2.12a `tabularx' package (DPC)
\TX@col@width=\dimen173
\TX@old@table=\dimen174
\TX@old@col=\dimen175
\TX@target=\dimen176
\TX@delta=\dimen177
\TX@cols=\count303
\TX@ftn=\toks30
) (C:\Users\Usuario\AppData\Local\Programs\MiKTeX\tex/latex/float\float.sty
Package: float 2001/11/08 v1.3d Float enhancements (AL)
\c@float@type=\count304
\float@exts=\toks31
\float@box=\box57
\@float@everytoks=\toks32
\@floatcapt=\box58
) (C:\Users\Usuario\AppData\Local\Programs\MiKTeX\tex/latex/url\url.sty
\Urlmuskip=\muskip18
Package: url 2013/09/16  ver 3.4  Verb mode for urls, etc.
) (C:\Users\Usuario\AppData\Local\Programs\MiKTeX\tex/latex/listings\listings.sty
\lst@mode=\count305
\lst@gtempboxa=\box59
\lst@token=\toks33
\lst@length=\count306
\lst@currlwidth=\dimen178
\lst@column=\count307
\lst@pos=\count308
\lst@lostspace=\dimen179
\lst@width=\dimen180
\lst@newlines=\count309
\lst@lineno=\count310
\lst@maxwidth=\dimen181
 (C:\Users\Usuario\AppData\Local\Programs\MiKTeX\tex/latex/listings\lstpatch.sty
File: lstpatch.sty 2025/11/14 1.11b (Carsten Heinz)
) (C:\Users\Usuario\AppData\Local\Programs\MiKTeX\tex/latex/listings\lstmisc.sty
File: lstmisc.sty 2025/11/14 1.11b (Carsten Heinz)
\c@lstnumber=\count311
\lst@skipnumbers=\count312
\lst@framebox=\box60
) (C:\Users\Usuario\AppData\Local\Programs\MiKTeX\tex/latex/listings\listings.cfg
File: listings.cfg 2025/11/14 1.11b listings configuration
))
Package: listings 2025/11/14 1.11b (Carsten Heinz)

==> First Aid for listings.sty no longer applied!
    Expected:
        2024/09/23 1.10c (Carsten Heinz)
    but found:
        2025/11/14 1.11b (Carsten Heinz)
    so I'm assuming it got fixed.
(C:\Users\Usuario\AppData\Local\Programs\MiKTeX\tex/latex/hyperref\hyperref.sty
Package: hyperref 2026-04-24 v7.01q Hypertext links for LaTeX
 (C:\Users\Usuario\AppData\Local\Programs\MiKTeX\tex/latex/kvsetkeys\kvsetkeys.sty
Package: kvsetkeys 2022-10-05 v1.19 Key value parser (HO)
) (C:\Users\Usuario\AppData\Local\Programs\MiKTeX\tex/generic/kvdefinekeys\kvdefinekeys.sty
Package: kvdefinekeys 2019-12-19 v1.6 Define keys (HO)
) (C:\Users\Usuario\AppData\Local\Programs\MiKTeX\tex/generic/pdfescape\pdfescape.sty
Package: pdfescape 2019/12/09 v1.15 Implements pdfTeX's escape features (HO)
 (C:\Users\Usuario\AppData\Local\Programs\MiKTeX\tex/generic/ltxcmds\ltxcmds.sty
Package: ltxcmds 2023-12-04 v1.26 LaTeX kernel commands for general use (HO)
) (C:\Users\Usuario\AppData\Local\Programs\MiKTeX\tex/generic/pdftexcmds\pdftexcmds.sty
Package: pdftexcmds 2020-06-27 v0.33 Utility functions of pdfTeX for LuaTeX (HO)
 (C:\Users\Usuario\AppData\Local\Programs\MiKTeX\tex/generic/infwarerr\infwarerr.sty
Package: infwarerr 2019/12/03 v1.5 Providing info/warning/error messages (HO)
)
Package pdftexcmds Info: \pdf@primitive is available.
Package pdftexcmds Info: \pdf@ifprimitive is available.
Package pdftexcmds Info: \pdfdraftmode found.
)) (C:\Users\Usuario\AppData\Local\Programs\MiKTeX\tex/latex/hycolor\hycolor.sty
Package: hycolor 2020-01-27 v1.10 Color options for hyperref/bookmark (HO)
) (C:\Users\Usuario\AppData\Local\Programs\MiKTeX\tex/latex/hyperref\nameref.sty
Package: nameref 2026-01-29 v2.58 Cross-referencing by name of section
 (C:\Users\Usuario\AppData\Local\Programs\MiKTeX\tex/latex/refcount\refcount.sty
Package: refcount 2019/12/15 v3.6 Data extraction from label references (HO)
) (C:\Users\Usuario\AppData\Local\Programs\MiKTeX\tex/generic/gettitlestring\gettitlestring.sty
Package: gettitlestring 2019/12/15 v1.6 Cleanup title references (HO)
 (C:\Users\Usuario\AppData\Local\Programs\MiKTeX\tex/latex/kvoptions\kvoptions.sty
Package: kvoptions 2022-06-15 v3.15 Key value format for package options (HO)
))
\c@section@level=\count313
) (C:\Users\Usuario\AppData\Local\Programs\MiKTeX\tex/latex/etoolbox\etoolbox.sty
Package: etoolbox 2025/10/02 v2.5m e-TeX tools for LaTeX (JAW)
\etb@tempcnta=\count314
) (C:\Users\Usuario\AppData\Local\Programs\MiKTeX\tex/generic/stringenc\stringenc.sty
Package: stringenc 2019/11/29 v1.12 Convert strings between diff. encodings (HO)
)
\@linkdim=\dimen182
\Hy@linkcounter=\count315
\Hy@pagecounter=\count316
 (C:\Users\Usuario\AppData\Local\Programs\MiKTeX\tex/latex/hyperref\pd1enc.def
File: pd1enc.def 2026-04-24 v7.01q Hyperref: PDFDocEncoding definition (HO)
Now handling font encoding PD1 ...
... no UTF-8 mapping file for font encoding PD1
) (C:\Users\Usuario\AppData\Local\Programs\MiKTeX\tex/generic/intcalc\intcalc.sty
Package: intcalc 2019/12/15 v1.3 Expandable calculations with integers (HO)
)
\Hy@SavedSpaceFactor=\count317
 (C:\Users\Usuario\AppData\Local\Programs\MiKTeX\tex/latex/hyperref\puenc.def
File: puenc.def 2026-04-24 v7.01q Hyperref: PDF Unicode definition (HO)
Now handling font encoding PU ...
... no UTF-8 mapping file for font encoding PU
)
Package hyperref Info: Hyper figures OFF on input line 4199.
Package hyperref Info: Link nesting OFF on input line 4204.
Package hyperref Info: Hyper index ON on input line 4207.
Package hyperref Info: Plain pages OFF on input line 4214.
Package hyperref Info: Backreferencing OFF on input line 4219.
Package hyperref Info: Implicit mode ON; LaTeX internals redefined.
Package hyperref Info: Bookmarks ON on input line 4466.
\c@Hy@tempcnt=\count318
LaTeX Info: Redefining \url on input line 4805.
\XeTeXLinkMargin=\dimen183
 (C:\Users\Usuario\AppData\Local\Programs\MiKTeX\tex/generic/bitset\bitset.sty
Package: bitset 2019/12/09 v1.3 Handle bit-vector datatype (HO)
 (C:\Users\Usuario\AppData\Local\Programs\MiKTeX\tex/generic/bigintcalc\bigintcalc.sty
Package: bigintcalc 2019/12/15 v1.5 Expandable calculations on big integers (HO)
))
\Fld@menulength=\count319
\Field@Width=\dimen184
\Fld@charsize=\dimen185
Package hyperref Info: Hyper figures OFF on input line 6091.
Package hyperref Info: Link nesting OFF on input line 6096.
Package hyperref Info: Hyper index ON on input line 6099.
Package hyperref Info: backreferencing OFF on input line 6106.
Package hyperref Info: Link coloring OFF on input line 6111.
Package hyperref Info: Link coloring with OCG OFF on input line 6116.
Package hyperref Info: PDF/A mode OFF on input line 6121.
\Hy@abspage=\count320
\c@Item=\count321
\c@Hfootnote=\count322
)
Package hyperref Info: Driver (autodetected): hpdftex.
 (C:\Users\Usuario\AppData\Local\Programs\MiKTeX\tex/latex/hyperref\hpdftex.def
File: hpdftex.def 2026-04-24 v7.01q Hyperref driver for pdfTeX
\Fld@listcount=\count323
\c@bookmark@seq@number=\count324
 (C:\Users\Usuario\AppData\Local\Programs\MiKTeX\tex/latex/rerunfilecheck\rerunfilecheck.sty
Package: rerunfilecheck 2025-06-21 v1.11 Rerun checks for auxiliary files (HO)
 (C:\Users\Usuario\AppData\Local\Programs\MiKTeX\tex/generic/uniquecounter\uniquecounter.sty
Package: uniquecounter 2019/12/15 v1.4 Provide unlimited unique counter (HO)
)
Package uniquecounter Info: New unique counter `rerunfilecheck' on input line 284.
)
\Hy@SectionHShift=\skip71
) (C:\Users\Usuario\AppData\Local\Programs\MiKTeX\tex/latex/l3backend\l3backend-pdftex.def
File: l3backend-pdftex.def 2026-02-18 L3 backend support: PDF output (pdfTeX)
\l__color_backend_stack_int=\count325
) (informe.aux
LaTeX Info: Redefining \. on input line 11.
LaTeX Info: Redefining \% on input line 11.
Package babel Info: 'spanish' activates 'spanish' shorthands.
(babel)             Reported on input line 11.
)
\openout1 = `informe.aux'.

LaTeX Font Info:    Checking defaults for OML/cmm/m/it on input line 178.
LaTeX Font Info:    ... okay on input line 178.
LaTeX Font Info:    Checking defaults for OMS/cmsy/m/n on input line 178.
LaTeX Font Info:    ... okay on input line 178.
LaTeX Font Info:    Checking defaults for OT1/cmr/m/n on input line 178.
LaTeX Font Info:    ... okay on input line 178.
LaTeX Font Info:    Checking defaults for T1/cmr/m/n on input line 178.
LaTeX Font Info:    ... okay on input line 178.
LaTeX Font Info:    Checking defaults for TS1/cmr/m/n on input line 178.
LaTeX Font Info:    ... okay on input line 178.
LaTeX Font Info:    Checking defaults for OMX/cmex/m/n on input line 178.
LaTeX Font Info:    ... okay on input line 178.
LaTeX Font Info:    Checking defaults for U/cmr/m/n on input line 178.
LaTeX Font Info:    ... okay on input line 178.
LaTeX Font Info:    Checking defaults for PD1/pdf/m/n on input line 178.
LaTeX Font Info:    ... okay on input line 178.
LaTeX Font Info:    Checking defaults for PU/pdf/m/n on input line 178.
LaTeX Font Info:    ... okay on input line 178.
LaTeX Info: Redefining \. on input line 178.
LaTeX Info: Redefining \% on input line 178.

*geometry* driver: auto-detecting
*geometry* detected driver: pdftex
*geometry* verbose mode - [ preamble ] result:
* driver: pdftex
* paper: a4paper
* layout: <same size as paper>
* layoutoffset:(h,v)=(0.0pt,0.0pt)
* modes: 
* h-part:(L,W,R)=(71.13188pt, 455.24411pt, 71.13188pt)
* v-part:(T,H,B)=(91.04872pt, 674.33032pt, 79.6678pt)
* \paperwidth=597.50787pt
* \paperheight=845.04684pt
* \textwidth=455.24411pt
* \textheight=674.33032pt
* \oddsidemargin=-1.1381pt
* \evensidemargin=-1.1381pt
* \topmargin=-43.81767pt
* \headheight=45.52458pt
* \headsep=17.07182pt
* \topskip=12.0pt
* \footskip=34.14322pt
* \marginparwidth=35.0pt
* \marginparsep=10.0pt
* \columnsep=10.0pt
* \skip\footins=10.8pt plus 4.0pt minus 2.0pt
* \hoffset=0.0pt
* \voffset=0.0pt
* \mag=1000
* \@twocolumnfalse
* \@twosidefalse
* \@mparswitchfalse
* \@reversemarginfalse
* (1in=72.27pt=25.4mm, 1cm=28.453pt)

(C:\Users\Usuario\AppData\Local\Programs\MiKTeX\tex/context/base/mkii\supp-pdf.mkii
[Loading MPS to PDF converter (version 2006.09.02).]
\scratchcounter=\count326
\scratchdimen=\dimen186
\scratchbox=\box61
\nofMPsegments=\count327
\nofMParguments=\count328
\everyMPshowfont=\toks34
\MPscratchCnt=\count329
\MPscratchDim=\dimen187
\MPnumerator=\count330
\makeMPintoPDFobject=\count331
\everyMPtoPDFconversion=\toks35
) (C:\Users\Usuario\AppData\Local\Programs\MiKTeX\tex/latex/epstopdf-pkg\epstopdf-base.sty
Package: epstopdf-base 2020-01-24 v2.11 Base part for package epstopdf
Package epstopdf-base Info: Redefining graphics rule for `.eps' on input line 485.
 (C:\Users\Usuario\AppData\Local\Programs\MiKTeX\tex/latex/00miktex\epstopdf-sys.cfg
File: epstopdf-sys.cfg 2021/03/18 v2.0 Configuration of epstopdf for MiKTeX
))
\c@lstlisting=\count332
Package hyperref Info: Link coloring OFF on input line 178.
 (informe.out) (informe.out)
\@outlinefile=\write3
\openout3 = `informe.out'.

<src/header.png, id=282, 296.60812pt x 47.42719pt>
File: src/header.png Graphic file (type png)
<use src/header.png>
Package pdftex.def Info: src/header.png  used on input line 185.
(pdftex.def)             Requested size: 295.90588pt x 47.31706pt.
 [1

{C:/Users/Usuario/AppData/Local/MiKTeX/fonts/map/pdftex/pdftex.map} <./src/header.png>] [2] (informe.toc
LaTeX Info: Redefining \. on input line 1.
LaTeX Info: Redefining \% on input line 1.
LaTeX Font Info:    Trying to load font information for U+msa on input line 4.
 (C:\Users\Usuario\AppData\Local\Programs\MiKTeX\tex/latex/amsfonts\umsa.fd
File: umsa.fd 2013/01/14 v3.01 AMS symbols A
)
LaTeX Font Info:    Trying to load font information for U+msb on input line 4.
 (C:\Users\Usuario\AppData\Local\Programs\MiKTeX\tex/latex/amsfonts\umsb.fd
File: umsb.fd 2013/01/14 v3.01 AMS symbols B
) [3])
\tf@toc=\write4
\openout4 = `informe.toc'.

 [4] [5] [6] [7]
<src/esquema_acc_carro.png, id=421, 1275.26437pt x 566.86781pt>
File: src/esquema_acc_carro.png Graphic file (type png)
<use src/esquema_acc_carro.png>
Package pdftex.def Info: src/esquema_acc_carro.png  used on input line 392.
(pdftex.def)             Requested size: 364.19667pt x 161.8877pt.
 [8 <./src/esquema_acc_carro.png>]
<src/modelo_freno_carro.png, id=445, 1047.915pt x 292.84406pt>
File: src/modelo_freno_carro.png Graphic file (type png)
<use src/modelo_freno_carro.png>
Package pdftex.def Info: src/modelo_freno_carro.png  used on input line 493.
(pdftex.def)             Requested size: 455.24411pt x 127.21632pt.
<src/modelo_acc_carro.png, id=447, 1620.80531pt x 699.36281pt>
File: src/modelo_acc_carro.png Graphic file (type png)
<use src/modelo_acc_carro.png>
Package pdftex.def Info: src/modelo_acc_carro.png  used on input line 504.
(pdftex.def)             Requested size: 455.24411pt x 196.42851pt.
 [9 <./src/modelo_freno_carro.png>]
<src/modelo_cable_carro.png, id=461, 859.71187pt x 344.03531pt>
File: src/modelo_cable_carro.png Graphic file (type png)
<use src/modelo_cable_carro.png>
Package pdftex.def Info: src/modelo_cable_carro.png  used on input line 532.
(pdftex.def)             Requested size: 455.24411pt x 182.18036pt.
 [10 <./src/modelo_acc_carro.png> <./src/modelo_cable_carro.png>]
<src/esquema_carro.png, id=472, 737.00343pt x 860.46469pt>
File: src/esquema_carro.png Graphic file (type png)
<use src/esquema_carro.png>
Package pdftex.def Info: src/esquema_carro.png  used on input line 545.
(pdftex.def)             Requested size: 273.14923pt x 318.90527pt.
 [11 <./src/esquema_carro.png>]
<src/modelo_carro.png, id=485, 1009.52156pt x 407.27156pt>
File: src/modelo_carro.png Graphic file (type png)
<use src/modelo_carro.png>
Package pdftex.def Info: src/modelo_carro.png  used on input line 584.
(pdftex.def)             Requested size: 455.24411pt x 183.662pt.
<src/modelo_carro_completo.png, id=488, 1081.03876pt x 486.31688pt>
File: src/modelo_carro_completo.png Graphic file (type png)
<use src/modelo_carro_completo.png>
Package pdftex.def Info: src/modelo_carro_completo.png  used on input line 604.
(pdftex.def)             Requested size: 455.24411pt x 204.7934pt.
 [12 <./src/modelo_carro.png>]
<src/esquema_acc_izaje.png, id=499, 1111.15125pt x 544.28343pt>
File: src/esquema_acc_izaje.png Graphic file (type png)
<use src/esquema_acc_izaje.png>
Package pdftex.def Info: src/esquema_acc_izaje.png  used on input line 641.
(pdftex.def)             Requested size: 364.19667pt x 178.39323pt.
 [13 <./src/modelo_carro_completo.png>] [14 <./src/esquema_acc_izaje.png>] [15]
<src/modelo_freno_izaje.png, id=544, 1255.69125pt x 347.79938pt>
File: src/modelo_freno_izaje.png Graphic file (type png)
<use src/modelo_freno_izaje.png>
Package pdftex.def Info: src/modelo_freno_izaje.png  used on input line 795.
(pdftex.def)             Requested size: 455.24411pt x 126.08864pt.
<src/modelo_freno_emergencia_izaje.png, id=545, 1056.19594pt x 281.55188pt>
File: src/modelo_freno_emergencia_izaje.png Graphic file (type png)
<use src/modelo_freno_emergencia_izaje.png>
Package pdftex.def Info: src/modelo_freno_emergencia_izaje.png  used on input line 802.
(pdftex.def)             Requested size: 455.24411pt x 121.35278pt.
<src/modelo_acc_izaje.png, id=547, 1216.545pt x 687.31781pt>
File: src/modelo_acc_izaje.png Graphic file (type png)
<use src/modelo_acc_izaje.png>
Package pdftex.def Info: src/modelo_acc_izaje.png  used on input line 812.
(pdftex.def)             Requested size: 455.24411pt x 257.19818pt.
 [16 <./src/modelo_freno_izaje.png> <./src/modelo_freno_emergencia_izaje.png>]
<src/modelo_cable_izaje.png, id=563, 987.69pt x 435.87843pt>
File: src/modelo_cable_izaje.png Graphic file (type png)
<use src/modelo_cable_izaje.png>
Package pdftex.def Info: src/modelo_cable_izaje.png  used on input line 863.
(pdftex.def)             Requested size: 455.24411pt x 200.89891pt.
 [17 <./src/modelo_acc_izaje.png>]
<src/modelo_Khw.png, id=577, 547.2947pt x 250.68657pt>
File: src/modelo_Khw.png Graphic file (type png)
<use src/modelo_Khw.png>
Package pdftex.def Info: src/modelo_Khw.png  used on input line 871.
(pdftex.def)             Requested size: 341.43307pt x 156.39565pt.
<src/modelo_bhw.png, id=578, 867.99281pt x 363.60844pt>
File: src/modelo_bhw.png Graphic file (type png)
<use src/modelo_bhw.png>
Package pdftex.def Info: src/modelo_bhw.png  used on input line 879.
(pdftex.def)             Requested size: 341.43307pt x 143.02731pt.
 [18 <./src/modelo_cable_izaje.png> <./src/modelo_Khw.png> <./src/modelo_bhw.png>] [19]
<src/modelo_mov_carga.png, id=606, 805.50937pt x 643.6547pt>
File: src/modelo_mov_carga.png Graphic file (type png)
<use src/modelo_mov_carga.png>
Package pdftex.def Info: src/modelo_mov_carga.png  used on input line 980.
(pdftex.def)             Requested size: 455.24411pt x 363.7638pt.
<src/modelo_Fcy.png, id=607, 1218.05063pt x 599.23875pt>
File: src/modelo_Fcy.png Graphic file (type png)
<use src/modelo_Fcy.png>
Package pdftex.def Info: src/modelo_Fcy.png  used on input line 987.
(pdftex.def)             Requested size: 455.24411pt x 223.9642pt.
 [20 <./src/modelo_mov_carga.png>]
<src/modelo_Fcx.png, id=619, 882.29625pt x 587.94656pt>
File: src/modelo_Fcx.png Graphic file (type png)
<use src/modelo_Fcx.png>
Package pdftex.def Info: src/modelo_Fcx.png  used on input line 995.
(pdftex.def)             Requested size: 455.24411pt x 303.36554pt.
 [21 <./src/modelo_Fcy.png> <./src/modelo_Fcx.png>]
<src/modelo_theta_l.png, id=630, 450.68375pt x 442.65375pt>
File: src/modelo_theta_l.png Graphic file (type png)
<use src/modelo_theta_l.png>
Package pdftex.def Info: src/modelo_theta_l.png  used on input line 1063.
(pdftex.def)             Requested size: 455.24411pt x 447.15779pt.
 [22] [23 <./src/modelo_theta_l.png>]
<src/modelo_izaje_completo.png, id=650, 947.79094pt x 660.96938pt>
File: src/modelo_izaje_completo.png Graphic file (type png)
<use src/modelo_izaje_completo.png>
Package pdftex.def Info: src/modelo_izaje_completo.png  used on input line 1095.
(pdftex.def)             Requested size: 455.24411pt x 317.4735pt.
LaTeX Font Info:    Font shape `T1/cmtt/bx/n' in size <12> not available
(Font)              Font shape `T1/cmtt/m/n' tried instead on input line 1115.
 [24 <./src/modelo_izaje_completo.png>] (C:\Users\Usuario\AppData\Local\Programs\MiKTeX\tex/latex/listings\lstlang1.sty
File: lstlang1.sty 2025/11/14 1.11b listings language file
)
Package hyperref Info: bookmark level for unknown lstlisting defaults to 0 on input line 1134.
LaTeX Font Info:    Font shape `T1/cmtt/bx/n' in size <10> not available
(Font)              Font shape `T1/cmtt/m/n' tried instead on input line 1135.
 [25] [26] [27] [28] [29]
<src/modelo_suelo.png, id=895, 1431.84938pt x 674.52pt>
File: src/modelo_suelo.png Graphic file (type png)
<use src/modelo_suelo.png>
Package pdftex.def Info: src/modelo_suelo.png  used on input line 1411.
(pdftex.def)             Requested size: 455.24411pt x 214.45105pt.
 [30 <./src/modelo_suelo.png (PNG copy)>]
<src/modelo_fines_carrera.png, id=913, 473.26813pt x 525.965pt>
File: src/modelo_fines_carrera.png Graphic file (type png)
<use src/modelo_fines_carrera.png>
Package pdftex.def Info: src/modelo_fines_carrera.png  used on input line 1472.
(pdftex.def)             Requested size: 455.24411pt x 505.94792pt.
 [31] [32 <./src/modelo_fines_carrera.png>]
<src/modelo_field_weakening.png, id=933, 1206.00563pt x 423.83344pt>
File: src/modelo_field_weakening.png Graphic file (type png)
<use src/modelo_field_weakening.png>
Package pdftex.def Info: src/modelo_field_weakening.png  used on input line 1541.
(pdftex.def)             Requested size: 455.24411pt x 159.98482pt.
<src/modelo_moduladores.png, id=935, 1144.275pt x 499.11469pt>
File: src/modelo_moduladores.png Graphic file (type png)
<use src/modelo_moduladores.png>
Package pdftex.def Info: src/modelo_moduladores.png  used on input line 1552.
(pdftex.def)             Requested size: 455.24411pt x 198.56848pt.
 [33 <./src/modelo_field_weakening.png>]
Overfull \hbox (1.66353pt too wide) in paragraph at lines 1570--1574
\T1/cmr/m/n/12 emer-gen-cia, ca-ja re-duc-to-ra y tam-bor), mo-de-lo de ca-ble de iza-je elástico-amortiguado,
 []

[34 <./src/modelo_moduladores.png>]
Overfull \hbox (1.3441pt too wide) in paragraph at lines 1627--1629
[]\T1/cmtt/m/n/12 sobrevelocidad_izaje_noload\T1/cmr/m/n/12 : de-tec-tor de so-bre-ve-lo-ci-dad de iza-je sin car-ga (aten-
 []

<src/sistema_fisico_completo.png, id=958, 834.86906pt x 745.28438pt>
File: src/sistema_fisico_completo.png Graphic file (type png)
<use src/sistema_fisico_completo.png>
Package pdftex.def Info: src/sistema_fisico_completo.png  used on input line 1636.
(pdftex.def)             Requested size: 455.24411pt x 406.40506pt.
[35] [36 <./src/sistema_fisico_completo.png>] [37]
Overfull \hbox (16.22676pt too wide) detected at line 1729
[][][]\OML/cmm/m/it/12 A[] \OT1/cmr/m/n/12 = [] \OML/cmm/m/it/12 ;  B[] \OT1/cmr/m/n/12 = [] \OML/cmm/m/it/12 ;  C[] \OT1/cmr/m/n/12 = []
 []

[38]
Overfull \hbox (9.4621pt too wide) detected at line 1819
[][][]\OML/cmm/m/it/12 M[] \OT1/cmr/m/n/12 = []  [] + [](\OML/cmm/m/it/12 M[] \OT1/cmr/m/n/12 + \OML/cmm/m/it/12 m[]\OT1/cmr/m/n/12 (\OML/cmm/m/it/12 TLK\OT1/cmr/m/n/12 )) [[]]\OML/cmm/m/it/12 ;  b[] \OT1/cmr/m/n/12 = []  [] + [] \OML/cmm/m/it/12 b[]
 []

[39] [40]
<src/integrador_tustin.png, id=1036, 851.43094pt x 294.34969pt>
File: src/integrador_tustin.png Graphic file (type png)
<use src/integrador_tustin.png>
Package pdftex.def Info: src/integrador_tustin.png  used on input line 1977.
(pdftex.def)             Requested size: 455.24411pt x 157.38344pt.
<src/controlador_carro_discreto.png, id=1037, 956.82469pt x 411.78844pt>
File: src/controlador_carro_discreto.png Graphic file (type png)
<use src/controlador_carro_discreto.png>
Package pdftex.def Info: src/controlador_carro_discreto.png  used on input line 1985.
(pdftex.def)             Requested size: 455.24411pt x 195.92198pt.
 [41 <./src/integrador_tustin.png>]
<src/observador_carro_discreto.png, id=1064, 667.49374pt x 486.81876pt>
File: src/observador_carro_discreto.png Graphic file (type png)
<use src/observador_carro_discreto.png>
Package pdftex.def Info: src/observador_carro_discreto.png  used on input line 1993.
(pdftex.def)             Requested size: 455.24411pt x 332.02776pt.
 [42 <./src/controlador_carro_discreto.png> <./src/observador_carro_discreto.png>]
<src/velocidad_carro_comparativa_INFORME.jpg, id=1074, 2569.6pt x 1335.99126pt>
File: src/velocidad_carro_comparativa_INFORME.jpg Graphic file (type jpg)
<use src/velocidad_carro_comparativa_INFORME.jpg>
Package pdftex.def Info: src/velocidad_carro_comparativa_INFORME.jpg  used on input line 2015.
(pdftex.def)             Requested size: 455.24411pt x 236.67633pt.
<src/posicion_carro_comparativa_INFORME.jpg, id=1075, 2569.6pt x 1335.99126pt>
File: src/posicion_carro_comparativa_INFORME.jpg Graphic file (type jpg)
<use src/posicion_carro_comparativa_INFORME.jpg>
Package pdftex.def Info: src/posicion_carro_comparativa_INFORME.jpg  used on input line 2024.
(pdftex.def)             Requested size: 455.24411pt x 236.67633pt.
 [43 <./src/velocidad_carro_comparativa_INFORME.jpg>]
<src/torque_carro_INFORME.jpg, id=1084, 2312.64pt x 1078.0275pt>
File: src/torque_carro_INFORME.jpg Graphic file (type jpg)
<use src/torque_carro_INFORME.jpg>
Package pdftex.def Info: src/torque_carro_INFORME.jpg  used on input line 2032.
(pdftex.def)             Requested size: 455.24411pt x 212.19666pt.
 [44 <./src/posicion_carro_comparativa_INFORME.jpg> <./src/torque_carro_INFORME.jpg>]
Overfull \hbox (10.22464pt too wide) detected at line 2084
[][][]\OML/cmm/m/it/12 A[] \OT1/cmr/m/n/12 = [] \OML/cmm/m/it/12 ;  B[] \OT1/cmr/m/n/12 = [] \OML/cmm/m/it/12 ;  B[] \OT1/cmr/m/n/12 = [] \OML/cmm/m/it/12 ;  C[] \OT1/cmr/m/n/12 = []
 []


Overfull \hbox (19.78427pt too wide) in paragraph at lines 2104--2107
[]\T1/cmr/m/n/12 La ob-ser-va-bi-li-dad pue-de ve-ri-fi-car-se ana-lí-ti-ca-men-te: $\OMS/cmsy/m/n/12 W[]$ \T1/cmr/m/n/12 es la iden-ti-dad, con $[]\OT1/cmr/m/n/12 (\OMS/cmsy/m/n/12 W[]\OT1/cmr/m/n/12 ) =
 []


Overfull \hbox (39.88531pt too wide) detected at line 2146
[][][]\OMS/cmsy/m/n/12 ^^@[] \OML/cmm/m/it/12 J[] []\OT1/cmr/m/n/12 (\OML/cmm/m/it/12 t\OT1/cmr/m/n/12 ) = \OML/cmm/m/it/12 T[]\OT1/cmr/m/n/12 (\OML/cmm/m/it/12 t\OT1/cmr/m/n/12 ) + \OML/cmm/m/it/12 T[] []t; BRK[][] \OT1/cmr/m/n/12 + [] + [] \OML/cmm/m/it/12 b[] []\OT1/cmr/m/n/12 (\OML/cmm/m/it/12 t\OT1/cmr/m/n/12 ) \OMS/cmsy/m/n/12 ^^@ [] \OML/cmm/m/it/12 F[] []t; l\OT1/cmr/m/n/12 (\OML/cmm/m/it/12 t\OT1/cmr/m/n/12 ) \OML/cmm/m/it/12 > l[]\OT1/cmr/m/n/12 (\OML/cmm/m/it/12 t\OT1/cmr/m/n/12 )[]
 []

[45]
Overfull \hbox (51.81178pt too wide) detected at line 2216
[]
 []

[46]
<src/controlador_izaje_discreto.png, id=1131, 1191.7022pt x 474.27188pt>
File: src/controlador_izaje_discreto.png Graphic file (type png)
<use src/controlador_izaje_discreto.png>
Package pdftex.def Info: src/controlador_izaje_discreto.png  used on input line 2245.
(pdftex.def)             Requested size: 455.24411pt x 181.1732pt.
<src/observador_izaje_discreto.png, id=1132, 1512.40031pt x 567.62062pt>
File: src/observador_izaje_discreto.png Graphic file (type png)
<use src/observador_izaje_discreto.png>
Package pdftex.def Info: src/observador_izaje_discreto.png  used on input line 2253.
(pdftex.def)             Requested size: 455.24411pt x 170.85913pt.
 [47 <./src/controlador_izaje_discreto.png> <./src/observador_izaje_discreto.png>]
<src/velocidad_izaje_comparativa_INFORME.jpg, id=1147, 2312.64pt x 1078.0275pt>
File: src/velocidad_izaje_comparativa_INFORME.jpg Graphic file (type jpg)
<use src/velocidad_izaje_comparativa_INFORME.jpg>
Package pdftex.def Info: src/velocidad_izaje_comparativa_INFORME.jpg  used on input line 2300.
(pdftex.def)             Requested size: 455.24411pt x 212.19666pt.
 [48]
<src/posicion_izaje_comparativa_INFORME.jpg, id=1169, 2569.6pt x 1335.99126pt>
File: src/posicion_izaje_comparativa_INFORME.jpg Graphic file (type jpg)
<use src/posicion_izaje_comparativa_INFORME.jpg>
Package pdftex.def Info: src/posicion_izaje_comparativa_INFORME.jpg  used on input line 2308.
(pdftex.def)             Requested size: 455.24411pt x 236.67633pt.
<src/torque_izaje_INFORME.jpg, id=1170, 2312.64pt x 1078.0275pt>
File: src/torque_izaje_INFORME.jpg Graphic file (type jpg)
<use src/torque_izaje_INFORME.jpg>
Package pdftex.def Info: src/torque_izaje_INFORME.jpg  used on input line 2316.
(pdftex.def)             Requested size: 455.24411pt x 212.19666pt.
 [49 <./src/velocidad_izaje_comparativa_INFORME.jpg> <./src/posicion_izaje_comparativa_INFORME.jpg>] [50 <./src/torque_izaje_INFORME.jpg>] [51]

LaTeX Warning: Command \textdegree invalid in math mode on input line 2540.


LaTeX Warning: Command \textdegree invalid in math mode on input line 2540.

Missing character: There is no ° in font cmr12!

LaTeX Warning: Command \textdegree invalid in math mode on input line 2540.


LaTeX Warning: Command \textdegree invalid in math mode on input line 2540.

Missing character: There is no ° in font cmr12!

LaTeX Warning: Command \textdegree invalid in math mode on input line 2543.


LaTeX Warning: Command \textdegree invalid in math mode on input line 2543.

Missing character: There is no ° in font cmr12!

LaTeX Warning: Command \textdegree invalid in math mode on input line 2543.


LaTeX Warning: Command \textdegree invalid in math mode on input line 2543.

Missing character: There is no ° in font cmr12!

LaTeX Warning: Command \textdegree invalid in math mode on input line 2544.


LaTeX Warning: Command \textdegree invalid in math mode on input line 2544.

Missing character: There is no ° in font cmr12!

LaTeX Warning: Command \textdegree invalid in math mode on input line 2544.


LaTeX Warning: Command \textdegree invalid in math mode on input line 2544.

Missing character: There is no ° in font cmr12!
[52]
Overfull \hbox (0.26674pt too wide) in paragraph at lines 2567--2569
 []\T1/cmr/bx/n/12 Implementación en Si-mu-link co-mo \T1/cmr/bx/it/12 MATLAB Fun-ction\T1/cmr/bx/n/12 .[] \T1/cmr/m/n/12 La im-ple-men-ta-ción com-
 []

LaTeX Font Info:    Font shape `T1/cmtt/bx/n' in size <8> not available
(Font)              Font shape `T1/cmtt/m/n' tried instead on input line 2571.
<src/balanceo_consigna_INFORME.jpg, id=1236, 2569.6pt x 1335.99126pt>
File: src/balanceo_consigna_INFORME.jpg Graphic file (type jpg)
<use src/balanceo_consigna_INFORME.jpg>
Package pdftex.def Info: src/balanceo_consigna_INFORME.jpg  used on input line 2615.
(pdftex.def)             Requested size: 455.24411pt x 236.67633pt.
[53]
<src/balanceo_posicion_INFORME.jpg, id=1280, 2569.6pt x 1335.99126pt>
File: src/balanceo_posicion_INFORME.jpg Graphic file (type jpg)
<use src/balanceo_posicion_INFORME.jpg>
Package pdftex.def Info: src/balanceo_posicion_INFORME.jpg  used on input line 2623.
(pdftex.def)             Requested size: 455.24411pt x 236.67633pt.
<src/balanceo_angulo_INFORME.jpg, id=1281, 2569.6pt x 1335.99126pt>
File: src/balanceo_angulo_INFORME.jpg Graphic file (type jpg)
<use src/balanceo_angulo_INFORME.jpg>
Package pdftex.def Info: src/balanceo_angulo_INFORME.jpg  used on input line 2637.
(pdftex.def)             Requested size: 455.24411pt x 236.67633pt.
 [54 <./src/balanceo_consigna_INFORME.jpg> <./src/balanceo_posicion_INFORME.jpg>] [55 <./src/balanceo_angulo_INFORME.jpg>]
<src/observador_carro_diagrama.png, id=1305, 1089.31969pt x 753.5653pt>
File: src/observador_carro_diagrama.png Graphic file (type png)
<use src/observador_carro_diagrama.png>
Package pdftex.def Info: src/observador_carro_diagrama.png  used on input line 2734.
(pdftex.def)             Requested size: 455.24411pt x 314.91998pt.
 [56] [57 <./src/observador_carro_diagrama.png>]
<src/observador_izaje_diagrama.png, id=1332, 1232.35406pt x 629.35126pt>
File: src/observador_izaje_diagrama.png Graphic file (type png)
<use src/observador_izaje_diagrama.png>
Package pdftex.def Info: src/observador_izaje_diagrama.png  used on input line 2801.
(pdftex.def)             Requested size: 455.24411pt x 232.4818pt.
 [58 <./src/observador_izaje_diagrama.png>]
<src/nivel_2_completo.png, id=1342, 962.09438pt x 489.32813pt>
File: src/nivel_2_completo.png Graphic file (type png)
<use src/nivel_2_completo.png>
Package pdftex.def Info: src/nivel_2_completo.png  used on input line 2833.
(pdftex.def)             Requested size: 455.24411pt x 231.54475pt.

Overfull \hbox (11.5145pt too wide) in paragraph at lines 2842--2842
[]\T1/cmr/bx/n/14.4 Conversión de los dia-gra-mas de blo-ques del Ni-vel 2 a \T1/cmr/bx/it/14.4 MATLAB
 []

[59 <./src/nivel_2_completo.png>] [60] [61]
<src/esquema_nivel1_io.png, id=1485, 356.83313pt x 438.13687pt>
File: src/esquema_nivel1_io.png Graphic file (type png)
<use src/esquema_nivel1_io.png>
Package pdftex.def Info: src/esquema_nivel1_io.png  used on input line 3065.
(pdftex.def)             Requested size: 455.24411pt x 559.00151pt.
 [62] [63 <./src/esquema_nivel1_io.png>]
Overfull \hbox (37.9723pt too wide) in paragraph at lines 3077--3081
[]\T1/cmtt/m/n/12 Heartbeat_Generator \T1/cmr/m/n/12 al-ter-na en-tre \T1/cmtt/m/n/12 Heartbeat_High \T1/cmr/m/n/12 (\T1/cmtt/m/n/12 heartbeat = true\T1/cmr/m/n/12 ) y \T1/cmtt/m/n/12 Heartbeat_Low
 []

<src/nivel1_off_heartbeat.png, id=1542, 626.34pt x 536.50438pt>
File: src/nivel1_off_heartbeat.png Graphic file (type png)
<use src/nivel1_off_heartbeat.png>
Package pdftex.def Info: src/nivel1_off_heartbeat.png  used on input line 3096.
(pdftex.def)             Requested size: 455.24411pt x 389.95854pt.

Overfull \hbox (18.1792pt too wide) in paragraph at lines 3104--3107
[]\T1/cmr/m/n/12 Dentro del es-ta-do ac-ti-vo de \T1/cmtt/m/n/12 Supervisory_Control \T1/cmr/m/n/12 ope-ra el subes-ta-do pa-ra-le-lo \T1/cmtt/m/n/12 BRK_Logic\T1/cmr/m/n/12 ,
 []

[64 <./src/nivel1_off_heartbeat.png>]
<src/nivel1_brk_logic.png, id=1550, 914.41624pt x 507.39563pt>
File: src/nivel1_brk_logic.png Graphic file (type png)
<use src/nivel1_brk_logic.png>
Package pdftex.def Info: src/nivel1_brk_logic.png  used on input line 3125.
(pdftex.def)             Requested size: 455.24411pt x 252.60553pt.

Overfull \hbox (36.7772pt too wide) in paragraph at lines 3133--3137
\T1/cmr/m/n/12 fi-nes de ca-rre-ra del sis-te-ma me-dian-te cua-tro ra-mas pa-ra-le-las in-de-pen-dien-tes: \T1/cmtt/m/n/12 Trolley_Min_Logic\T1/cmr/m/n/12 ,
 []

<src/nivel1_limit_switch.png, id=1552, 571.13374pt x 445.665pt>
File: src/nivel1_limit_switch.png Graphic file (type png)
<use src/nivel1_limit_switch.png>
Package pdftex.def Info: src/nivel1_limit_switch.png  used on input line 3151.
(pdftex.def)             Requested size: 455.24411pt x 355.23363pt.
[65 <./src/nivel1_brk_logic.png>] [66 <./src/nivel1_limit_switch.png>]
<src/nivel1_mode.png, id=1570, 402.00188pt x 507.8975pt>
File: src/nivel1_mode.png Graphic file (type png)
<use src/nivel1_mode.png>
Package pdftex.def Info: src/nivel1_mode.png  used on input line 3184.
(pdftex.def)             Requested size: 455.24411pt x 575.16524pt.
 [67] [68 <./src/nivel1_mode.png>]
<src/nivel1_tlk_logic.png, id=1585, 712.16063pt x 248.93pt>
File: src/nivel1_tlk_logic.png Graphic file (type png)
<use src/nivel1_tlk_logic.png>
Package pdftex.def Info: src/nivel1_tlk_logic.png  used on input line 3231.
(pdftex.def)             Requested size: 455.24411pt x 159.12473pt.

Overfull \hbox (29.5903pt too wide) in paragraph at lines 3240--3245
\T1/cmr/m/n/12 pa-ra-le-lo de ba-lan-ceo del Ni-vel 2. Cons-ta de dos es-ta-dos: \T1/cmtt/m/n/12 Sway_Control_ON \T1/cmr/m/n/12 y \T1/cmtt/m/n/12 Sway_Control_OFF\T1/cmr/m/n/12 ,
 []

[69 <./src/nivel1_tlk_logic.png>]
<src/nivel1_sway_control.png, id=1595, 711.15688pt x 257.96375pt>
File: src/nivel1_sway_control.png Graphic file (type png)
<use src/nivel1_sway_control.png>
Package pdftex.def Info: src/nivel1_sway_control.png  used on input line 3255.
(pdftex.def)             Requested size: 455.24411pt x 165.13953pt.
 [70 <./src/nivel1_sway_control.png>]
<src/nivel1_lidar_map.png, id=1604, 692.5875pt x 395.97937pt>
File: src/nivel1_lidar_map.png Graphic file (type png)
<use src/nivel1_lidar_map.png>
Package pdftex.def Info: src/nivel1_lidar_map.png  used on input line 3309.
(pdftex.def)             Requested size: 455.24411pt x 260.28377pt.
 [71 <./src/nivel1_lidar_map.png>]
<src/nivel1_trolley_flags.png, id=1612, 974.13937pt x 298.11375pt>
File: src/nivel1_trolley_flags.png Graphic file (type png)
<use src/nivel1_trolley_flags.png>
Package pdftex.def Info: src/nivel1_trolley_flags.png  used on input line 3341.
(pdftex.def)             Requested size: 455.24411pt x 139.31743pt.
<src/nivel1_hoist_flags.png, id=1613, 632.3625pt x 240.9pt>
File: src/nivel1_hoist_flags.png Graphic file (type png)
<use src/nivel1_hoist_flags.png>
Package pdftex.def Info: src/nivel1_hoist_flags.png  used on input line 3357.
(pdftex.def)             Requested size: 455.24411pt x 173.42947pt.
 [72 <./src/nivel1_trolley_flags.png> <./src/nivel1_hoist_flags.png>]
Overfull \hbox (89.96536pt too wide) in paragraph at lines 3375--3380
\T1/cmr/m/n/12 DAR ($\OML/cmm/m/it/12 l[] \OT1/cmr/m/n/12 = \OML/cmm/m/it/12 l[]$\T1/cmr/m/n/12 ). La tra-yec-to-ria de iza-je se ge-ne-ra con la fun-ción \T1/cmtt/m/n/12 generador_trayectoria_izaje\T1/cmr/m/n/12 ,
 []


Overfull \hbox (8.97307pt too wide) in paragraph at lines 3409--3414
\T1/cmr/m/n/12 quier alar-ma de fin de ca-rre-ra, el pla-ni-fi-ca-dor abor-ta el ci-clo y re-tor-na a \T1/cmtt/m/n/12 Scenario_Selector\T1/cmr/m/n/12 .
 []

<src/nivel1_trajectory_planner.png, id=1624, 783.42688pt x 299.61937pt>
File: src/nivel1_trajectory_planner.png Graphic file (type png)
<use src/nivel1_trajectory_planner.png>
Package pdftex.def Info: src/nivel1_trajectory_planner.png  used on input line 3417.
(pdftex.def)             Requested size: 455.24411pt x 174.10852pt.
[73]
<src/nivel1_loop_init.png, id=1638, 188.705pt x 145.04187pt>
File: src/nivel1_loop_init.png Graphic file (type png)
<use src/nivel1_loop_init.png>
Package pdftex.def Info: src/nivel1_loop_init.png  used on input line 3443.
(pdftex.def)             Requested size: 182.09486pt x 139.96008pt.
 [74 <./src/nivel1_trajectory_planner.png> <./src/nivel1_loop_init.png>] [75]
<src/nivel1_pickup_loop.png, id=1664, 587.19376pt x 519.9425pt>
File: src/nivel1_pickup_loop.png Graphic file (type png)
<use src/nivel1_pickup_loop.png>
Package pdftex.def Info: src/nivel1_pickup_loop.png  used on input line 3520.
(pdftex.def)             Requested size: 455.24411pt x 403.10202pt.
 [76 <./src/nivel1_pickup_loop.png>] [77]
<src/esquema_nivel0_io.png, id=1680, 602.75188pt x 468.24937pt>
File: src/esquema_nivel0_io.png Graphic file (type png)
<use src/esquema_nivel0_io.png>
Package pdftex.def Info: src/esquema_nivel0_io.png  used on input line 3628.
(pdftex.def)             Requested size: 455.24411pt x 353.65114pt.
 [78]
<src/nivel_0_completo.png, id=1689, 876.77562pt x 510.90875pt>
File: src/nivel_0_completo.png Graphic file (type png)
<use src/nivel_0_completo.png>
Package pdftex.def Info: src/nivel_0_completo.png  used on input line 3646.
(pdftex.def)             Requested size: 455.24411pt x 265.27649pt.
 [79 <./src/esquema_nivel0_io.png>]
<src/nivel0_emergencies_standby.png, id=1698, 1085.55562pt x 232.36812pt>
File: src/nivel0_emergencies_standby.png Graphic file (type png)
<use src/nivel0_emergencies_standby.png>
Package pdftex.def Info: src/nivel0_emergencies_standby.png  used on input line 3674.
(pdftex.def)             Requested size: 455.24411pt x 97.44856pt.
 [80 <./src/nivel_0_completo.png>]
<src/nivel0_emergencies_completo.png, id=1708, 944.02687pt x 471.7625pt>
File: src/nivel0_emergencies_completo.png Graphic file (type png)
<use src/nivel0_emergencies_completo.png>
Package pdftex.def Info: src/nivel0_emergencies_completo.png  used on input line 3716.
(pdftex.def)             Requested size: 455.24411pt x 227.5016pt.
 [81 <./src/nivel0_emergencies_standby.png>] [82 <./src/nivel0_emergencies_completo.png>]
<src/nivel0_trolley_emgy.png, id=1726, 534.49687pt x 483.30562pt>
File: src/nivel0_trolley_emgy.png Graphic file (type png)
<use src/nivel0_trolley_emgy.png>
Package pdftex.def Info: src/nivel0_trolley_emgy.png  used on input line 3793.
(pdftex.def)             Requested size: 455.24411pt x 411.6598pt.

Underfull \hbox (badness 10000) in paragraph at lines 3796--3796
[]\T1/cmr/m/n/12 Figura 59: []Subestado \T1/cmtt/m/n/12 Trolley_Emgy \T1/cmr/m/n/12 com-ple-to: \T1/cmtt/m/n/12 Init\T1/cmr/m/n/12 , \T1/cmtt/m/n/12 Emgy_Switch_Min\T1/cmr/m/n/12 ,
 []

[83]
Overfull \hbox (56.15446pt too wide) in paragraph at lines 3822--3825
[]\T1/cmr/m/n/12 Al igual que en \T1/cmtt/m/n/12 Trolley_Emgy\T1/cmr/m/n/12 , la so-bre-ve-lo-ci-dad tran-si-cio-na in-me-dia-ta-men-te a \T1/cmtt/m/n/12 Overspeed_Delay\T1/cmr/m/n/12 ,
 []

[84 <./src/nivel0_trolley_emgy.png>]
Overfull \hbox (15.42769pt too wide) in paragraph at lines 3826--3833
[]\T1/cmr/m/n/12 Los subes-ta-dos \T1/cmtt/m/n/12 Emgy_Switch_Min \T1/cmr/m/n/12 y \T1/cmtt/m/n/12 Emgy_Switch_Max \T1/cmr/m/n/12 re-pli-can la ló-gi-ca de \T1/cmtt/m/n/12 Trolley_Emgy
 []

<src/nivel0_hoist_emgy.png, id=1741, 534.49687pt x 483.30562pt>
File: src/nivel0_hoist_emgy.png Graphic file (type png)
<use src/nivel0_hoist_emgy.png>
Package pdftex.def Info: src/nivel0_hoist_emgy.png  used on input line 3854.
(pdftex.def)             Requested size: 455.24411pt x 411.6598pt.
[85] [86 <./src/nivel0_hoist_emgy.png>]
<src/nivel0_global_emgy_completo.png, id=1755, 620.81938pt x 286.06876pt>
File: src/nivel0_global_emgy_completo.png Graphic file (type png)
<use src/nivel0_global_emgy_completo.png>
Package pdftex.def Info: src/nivel0_global_emgy_completo.png  used on input line 3890.
(pdftex.def)             Requested size: 455.24411pt x 209.7713pt.
 [87 <./src/nivel0_global_emgy_completo.png>]
<src/nivel0_watchdog_completo.png, id=1765, 960.58875pt x 331.73938pt>
File: src/nivel0_watchdog_completo.png Graphic file (type png)
<use src/nivel0_watchdog_completo.png>
Package pdftex.def Info: src/nivel0_watchdog_completo.png  used on input line 3936.
(pdftex.def)             Requested size: 455.24411pt x 157.21843pt.
 [88 <./src/nivel0_watchdog_completo.png>]
<src/codesys_estructura.png, id=1776, 359.84438pt x 453.19313pt>
File: src/codesys_estructura.png Graphic file (type png)
<use src/codesys_estructura.png>
Package pdftex.def Info: src/codesys_estructura.png  used on input line 3980.
(pdftex.def)             Requested size: 250.38564pt x 315.3521pt.

Underfull \hbox (badness 2980) in paragraph at lines 3989--3989
\T1/cmr/m/n/12 va-ria-bles glo-ba-les (\T1/cmtt/m/n/12 GVL\T1/cmr/m/n/12 ), las fun-cio-nes au-xi-lia-res (\T1/cmtt/m/n/12 estimar_masa\T1/cmr/m/n/12 , \T1/cmtt/m/n/12 rate_limiter\T1/cmr/m/n/12 ,
 []


Underfull \hbox (badness 2644) in paragraph at lines 3989--3989
\T1/cmtt/m/n/12 signo_real\T1/cmr/m/n/12 , \T1/cmtt/m/n/12 xpos2ypos\T1/cmr/m/n/12 ), los blo-ques de fun-ción de ge-ne-ra-ción de tra-yec-to-rias
 []

[89] [90 <./src/codesys_estructura.png>] [91] [92]
<src/codesys_nivel0_sfc_top.png, id=1952, 291.33844pt x 286.06876pt>
File: src/codesys_nivel0_sfc_top.png Graphic file (type png)
<use src/codesys_nivel0_sfc_top.png>
Package pdftex.def Info: src/codesys_nivel0_sfc_top.png  used on input line 4183.
(pdftex.def)             Requested size: 182.09486pt x 178.80562pt.
 [93 <./src/codesys_nivel0_sfc_top.png>]
<src/codesys_nivel0_watchdog.png, id=1978, 989.19562pt x 606.76688pt>
File: src/codesys_nivel0_watchdog.png Graphic file (type png)
<use src/codesys_nivel0_watchdog.png>
Package pdftex.def Info: src/codesys_nivel0_watchdog.png  used on input line 4215.
(pdftex.def)             Requested size: 455.24411pt x 279.23651pt.
<src/codesys_nivel0_emergencias.png, id=1981, 989.19562pt x 606.76688pt>
File: src/codesys_nivel0_emergencias.png Graphic file (type png)
<use src/codesys_nivel0_emergencias.png>
Package pdftex.def Info: src/codesys_nivel0_emergencias.png  used on input line 4230.
(pdftex.def)             Requested size: 455.24411pt x 279.23651pt.
 [94 <./src/codesys_nivel0_watchdog.png>]
<src/codesys_nivel1_top.png, id=1991, 305.64188pt x 298.11375pt>
File: src/codesys_nivel1_top.png Graphic file (type png)
<use src/codesys_nivel1_top.png>
Package pdftex.def Info: src/codesys_nivel1_top.png  used on input line 4252.
(pdftex.def)             Requested size: 182.09486pt x 177.60959pt.

Underfull \hbox (badness 10000) in paragraph at lines 4260--4260
[]\T1/cmr/m/n/12 Figura 67: []SFC del pro-gra-ma \T1/cmtt/m/n/12 NIVEL_1 \T1/cmr/m/n/12 en CO-DESYS. El step ini-cial
 []

[95 <./src/codesys_nivel0_emergencias.png>]
<src/codesys_nivel1_heartbeat.png, id=2000, 501.37312pt x 473.51906pt>
File: src/codesys_nivel1_heartbeat.png Graphic file (type png)
<use src/codesys_nivel1_heartbeat.png>
Package pdftex.def Info: src/codesys_nivel1_heartbeat.png  used on input line 4275.
(pdftex.def)             Requested size: 182.09486pt x 171.9768pt.
<src/codesys_nivel1_supervisory_top.png, id=2003, 354.57469pt x 396.7322pt>
File: src/codesys_nivel1_supervisory_top.png Graphic file (type png)
<use src/codesys_nivel1_supervisory_top.png>
Package pdftex.def Info: src/codesys_nivel1_supervisory_top.png  used on input line 4289.
(pdftex.def)             Requested size: 182.09486pt x 203.74728pt.
 [96 <./src/codesys_nivel1_top.png> <./src/codesys_nivel1_heartbeat.png>]
<src/codesys_nivel1_supervisory_on.png, id=2013, 1711.1428pt x 569.87906pt>
File: src/codesys_nivel1_supervisory_on.png Graphic file (type png)
<use src/codesys_nivel1_supervisory_on.png>
Package pdftex.def Info: src/codesys_nivel1_supervisory_on.png  used on input line 4301.
(pdftex.def)             Requested size: 455.24411pt x 151.60852pt.
<src/codesys_nivel1_lidar_map.png, id=2014, 344.78813pt x 118.19156pt>
File: src/codesys_nivel1_lidar_map.png Graphic file (type png)
<use src/codesys_nivel1_lidar_map.png>
Package pdftex.def Info: src/codesys_nivel1_lidar_map.png  used on input line 4318.
(pdftex.def)             Requested size: 182.09486pt x 62.4212pt.

Underfull \hbox (badness 3098) in paragraph at lines 4325--4325
[]\T1/cmr/m/n/12 Figura 71: []Macropaso \T1/cmtt/m/n/12 Lidar_Map \T1/cmr/m/n/12 del pro-gra-ma \T1/cmtt/m/n/12 NIVEL_1\T1/cmr/m/n/12 . Eje-cu-ta las ac-cio-nes
 []

[97 <./src/codesys_nivel1_supervisory_top.png> <./src/codesys_nivel1_supervisory_on.png>]
<src/codesys_nivel1_brk_top.png, id=2028, 311.66437pt x 165.61874pt>
File: src/codesys_nivel1_brk_top.png Graphic file (type png)
<use src/codesys_nivel1_brk_top.png>
Package pdftex.def Info: src/codesys_nivel1_brk_top.png  used on input line 4334.
(pdftex.def)             Requested size: 182.09486pt x 96.76653pt.
<src/codesys_nivel1_brk_t.png, id=2029, 870.25125pt x 472.01344pt>
File: src/codesys_nivel1_brk_t.png Graphic file (type png)
<use src/codesys_nivel1_brk_t.png>
Package pdftex.def Info: src/codesys_nivel1_brk_t.png  used on input line 4343.
(pdftex.def)             Requested size: 341.43307pt x 185.19365pt.
<src/codesys_nivel1_LS_top.png, id=2030, 541.27219pt x 156.585pt>
File: src/codesys_nivel1_LS_top.png Graphic file (type png)
<use src/codesys_nivel1_LS_top.png>
Package pdftex.def Info: src/codesys_nivel1_LS_top.png  used on input line 4363.
(pdftex.def)             Requested size: 227.62206pt x 65.84886pt.
 [98 <./src/codesys_nivel1_lidar_map.png> <./src/codesys_nivel1_brk_top.png> <./src/codesys_nivel1_brk_t.png>]
<src/codesys_nivel1_LS.png, id=2043, 398.99063pt x 465.99094pt>
File: src/codesys_nivel1_LS.png Graphic file (type png)
<use src/codesys_nivel1_LS.png>
Package pdftex.def Info: src/codesys_nivel1_LS.png  used on input line 4373.
(pdftex.def)             Requested size: 182.09486pt x 212.67325pt.
<src/codesys_nivel1_sway_ctr.png, id=2047, 538.26094pt x 467.49657pt>
File: src/codesys_nivel1_sway_ctr.png Graphic file (type png)
<use src/codesys_nivel1_sway_ctr.png>
Package pdftex.def Info: src/codesys_nivel1_sway_ctr.png  used on input line 4391.
(pdftex.def)             Requested size: 295.90588pt x 257.00264pt.
 [99 <./src/codesys_nivel1_LS_top.png> <./src/codesys_nivel1_LS.png>]
<src/codesys_nivel1_tmf_izq.png, id=2060, 484.81125pt x 550.30594pt>
File: src/codesys_nivel1_tmf_izq.png Graphic file (type png)
<use src/codesys_nivel1_tmf_izq.png>
Package pdftex.def Info: src/codesys_nivel1_tmf_izq.png  used on input line 4403.
(pdftex.def)             Requested size: 273.14923pt x 310.06694pt.
 [100 <./src/codesys_nivel1_sway_ctr.png>]
<src/codesys_nivel1_tmf_der.png, id=2071, 1629.83907pt x 191.9672pt>
File: src/codesys_nivel1_tmf_der.png Graphic file (type png)
<use src/codesys_nivel1_tmf_der.png>
Package pdftex.def Info: src/codesys_nivel1_tmf_der.png  used on input line 4412.
(pdftex.def)             Requested size: 455.24411pt x 53.61862pt.
<src/codesys_nivel1_hmf.png, id=2072, 710.655pt x 469.755pt>
File: src/codesys_nivel1_hmf.png Graphic file (type png)
<use src/codesys_nivel1_hmf.png>
Package pdftex.def Info: src/codesys_nivel1_hmf.png  used on input line 4423.
(pdftex.def)             Requested size: 273.14923pt x 180.55876pt.
 [101 <./src/codesys_nivel1_tmf_izq.png> <./src/codesys_nivel1_tmf_der.png>]
<src/codesys_nivel1_mode.png, id=2086, 385.44pt x 478.78876pt>
File: src/codesys_nivel1_mode.png Graphic file (type png)
<use src/codesys_nivel1_mode.png>
Package pdftex.def Info: src/codesys_nivel1_mode.png  used on input line 4436.
(pdftex.def)             Requested size: 227.62206pt x 282.74593pt.
<src/codesys_nivel1_tlk.png, id=2088, 704.6325pt x 772.38562pt>
File: src/codesys_nivel1_tlk.png Graphic file (type png)
<use src/codesys_nivel1_tlk.png>
Package pdftex.def Info: src/codesys_nivel1_tlk.png  used on input line 4452.
(pdftex.def)             Requested size: 341.43307pt x 374.26479pt.
 [102 <./src/codesys_nivel1_hmf.png> <./src/codesys_nivel1_mode.png>]
<src/codesys_nivel1_traj_init.png, id=2102, 657.95813pt x 358.33875pt>
File: src/codesys_nivel1_traj_init.png Graphic file (type png)
<use src/codesys_nivel1_traj_init.png>
Package pdftex.def Info: src/codesys_nivel1_traj_init.png  used on input line 4468.
(pdftex.def)             Requested size: 364.19667pt x 198.34998pt.
 [103 <./src/codesys_nivel1_tlk.png>]
<src/codesys_nivel1_traj_escenario_selector.png, id=2113, 1092.33093pt x 669.2503pt>
File: src/codesys_nivel1_traj_escenario_selector.png Graphic file (type png)
<use src/codesys_nivel1_traj_escenario_selector.png>
Package pdftex.def Info: src/codesys_nivel1_traj_escenario_selector.png  used on input line 4477.
(pdftex.def)             Requested size: 455.24411pt x 278.91827pt.
<src/codesys_nivel1_PPL_izq.png, id=2117, 1187.18532pt x 816.80156pt>
File: src/codesys_nivel1_PPL_izq.png Graphic file (type png)
<use src/codesys_nivel1_PPL_izq.png>
Package pdftex.def Info: src/codesys_nivel1_PPL_izq.png  used on input line 4494.
(pdftex.def)             Requested size: 455.24411pt x 313.217pt.
 [104 <./src/codesys_nivel1_traj_init.png> <./src/codesys_nivel1_traj_escenario_selector.png>]
<src/codesys_nivel1_PPL_cen.png, id=2126, 1205.2528pt x 715.17188pt>
File: src/codesys_nivel1_PPL_cen.png Graphic file (type png)
<use src/codesys_nivel1_PPL_cen.png>
Package pdftex.def Info: src/codesys_nivel1_PPL_cen.png  used on input line 4502.
(pdftex.def)             Requested size: 455.24411pt x 270.13124pt.
 [105 <./src/codesys_nivel1_PPL_izq.png>]
<src/codesys_nivel1_PPL_der.png, id=2134, 546.54187pt x 694.84593pt>
File: src/codesys_nivel1_PPL_der.png Graphic file (type png)
<use src/codesys_nivel1_PPL_der.png>
Package pdftex.def Info: src/codesys_nivel1_PPL_der.png  used on input line 4510.
(pdftex.def)             Requested size: 455.24411pt x 578.77885pt.
 [106 <./src/codesys_nivel1_PPL_cen.png>] [107 <./src/codesys_nivel1_PPL_der.png>]
<src/codesys_autogen_structure.png, id=2149, 261.22594pt x 479.54156pt>
File: src/codesys_autogen_structure.png Graphic file (type png)
<use src/codesys_autogen_structure.png>
Package pdftex.def Info: src/codesys_autogen_structure.png  used on input line 4584.
(pdftex.def)             Requested size: 182.09486pt x 334.27922pt.
 [108] [109 <./src/codesys_autogen_structure.png>]
Overfull \hbox (8.44537pt too wide) in paragraph at lines 4604--4609
[]\T1/cmr/m/n/12 La in-ter-faz de ope-ra-ción se im-ple-men-tó so-bre un con-trol in-alám-bri-co \T1/cmr/bx/n/12 PS4 DualShock 4\T1/cmr/m/n/12 ,
 []

<src/hmi_diagnostico.png, id=2171, 1284.29813pt x 721.69624pt>
File: src/hmi_diagnostico.png Graphic file (type png)
<use src/hmi_diagnostico.png>
Package pdftex.def Info: src/hmi_diagnostico.png  used on input line 4622.
(pdftex.def)             Requested size: 455.24411pt x 255.81302pt.

Underfull \hbox (badness 3417) in paragraph at lines 4649--4649
[]|\T1/cmr/m/n/12 Consigna de ve-
 []


Underfull \hbox (badness 1038) in paragraph at lines 4649--4649
\T1/cmr/m/n/12 lo-ci-dad del ca-rro
 []


Underfull \hbox (badness 3417) in paragraph at lines 4649--4649
[]|\T1/cmr/m/n/12 Consigna de ve-
 []


Underfull \hbox (badness 2735) in paragraph at lines 4649--4649
\T1/cmr/m/n/12 lo-ci-dad de ca-ble
 []


Underfull \hbox (badness 1205) in paragraph at lines 4649--4649
[]|\T1/cmr/m/n/12 Digital (tog-
 []


Underfull \hbox (badness 10000) in paragraph at lines 4649--4649
[]|\T1/cmr/m/n/12 Habilitación del
 []


Underfull \hbox (badness 1205) in paragraph at lines 4649--4649
[]|\T1/cmr/m/n/12 Digital (tog-
 []


Underfull \hbox (badness 10000) in paragraph at lines 4649--4649
[]|\T1/cmr/m/n/12 Apertura/cierre
 []


Underfull \hbox (badness 1205) in paragraph at lines 4649--4649
[]|\T1/cmr/m/n/12 Digital (tog-
 []


Underfull \hbox (badness 10000) in paragraph at lines 4649--4649
[]|\T1/cmr/m/n/12 Activación del
 []


Underfull \hbox (badness 1205) in paragraph at lines 4649--4649
[]|\T1/cmr/m/n/12 Digital (tog-
 []


Underfull \hbox (badness 10000) in paragraph at lines 4649--4649
[]|\T1/cmr/m/n/12 Comando de
 []


Underfull \hbox (badness 10000) in paragraph at lines 4649--4649
\T1/cmr/m/n/12 emer-gen-cia ma-
 []


Underfull \hbox (badness 1205) in paragraph at lines 4649--4649
[]|\T1/cmr/m/n/12 Digital (tog-
 []


Underfull \hbox (badness 10000) in paragraph at lines 4649--4649
[]|\T1/cmr/m/n/12 Reconocimiento
 []


Underfull \hbox (badness 10000) in paragraph at lines 4649--4649
\T1/cmr/m/n/12 de emer-gen-cia
 []

[110 <./src/hmi_diagnostico.png>] [111]
<src/hmi_controlador.png, id=2192, 971.63pt x 568.1225pt>
File: src/hmi_controlador.png Graphic file (type png)
<use src/hmi_controlador.png>
Package pdftex.def Info: src/hmi_controlador.png  used on input line 4703.
(pdftex.def)             Requested size: 455.24411pt x 266.1854pt.
 [112 <./src/hmi_controlador.png>]
<src/hmi_udp_receive_config.png, id=2202, 312.16624pt x 422.07687pt>
File: src/hmi_udp_receive_config.png Graphic file (type png)
<use src/hmi_udp_receive_config.png>
Package pdftex.def Info: src/hmi_udp_receive_config.png  used on input line 4722.
(pdftex.def)             Requested size: 227.62206pt x 307.77222pt.
 [113 <./src/hmi_udp_receive_config.png>]
<src/hmi_udp_lector_completo.png, id=2223, 788.9475pt x 242.9075pt>
File: src/hmi_udp_lector_completo.png Graphic file (type png)
<use src/hmi_udp_lector_completo.png>
Package pdftex.def Info: src/hmi_udp_lector_completo.png  used on input line 4770.
(pdftex.def)             Requested size: 455.24411pt x 140.16367pt.
 [114 <./src/hmi_udp_lector_completo.png>]
<src/rtview_udp_send_config.png, id=2244, 314.67563pt x 281.55188pt>
File: src/rtview_udp_send_config.png Graphic file (type png)
<use src/rtview_udp_send_config.png>
Package pdftex.def Info: src/rtview_udp_send_config.png  used on input line 4830.
(pdftex.def)             Requested size: 227.62206pt x 203.66234pt.
<src/rtview_transmisor_completo.png, id=2245, 486.81876pt x 434.12187pt>
File: src/rtview_transmisor_completo.png Graphic file (type png)
<use src/rtview_transmisor_completo.png>
Package pdftex.def Info: src/rtview_transmisor_completo.png  used on input line 4837.
(pdftex.def)             Requested size: 455.24411pt x 405.96812pt.
 [115 <./src/rtview_udp_send_config.png>] [116 <./src/rtview_transmisor_completo.png>]
<src/grua_STS_2D.png, id=2263, 1284.29813pt x 721.69624pt>
File: src/grua_STS_2D.png Graphic file (type png)
<use src/grua_STS_2D.png>
Package pdftex.def Info: src/grua_STS_2D.png  used on input line 4874.
(pdftex.def)             Requested size: 455.24411pt x 255.81302pt.
 [117 <./src/grua_STS_2D.png>]
<src/hmi_dashboard.png, id=2273, 729.22438pt x 425.08812pt>
File: src/hmi_dashboard.png Graphic file (type png)
<use src/hmi_dashboard.png>
Package pdftex.def Info: src/hmi_dashboard.png  used on input line 4921.
(pdftex.def)             Requested size: 455.24411pt x 265.37456pt.
 [118 <./src/hmi_dashboard.png>] [119]
Underfull \hbox (badness 3058) in paragraph at lines 4999--5003
\T1/cmr/m/it/12 Con-cepts\T1/cmr/m/n/12 . OPC Foun-da-tion, Scot-ts-da-le, AZ, 2017. Dis-po-ni-ble en: []$\T1/cmtt/m/n/12 https : / /
 []

[120] 
enddocument/afterlastpage (AED): lastpage setting LastPage.
(informe.aux
LaTeX Info: Redefining \. on input line 11.
LaTeX Info: Redefining \% on input line 11.
)
 ***********
LaTeX2e <2025-11-01>
L3 programming layer <2026-03-20>
 ***********
Package rerunfilecheck Info: File `informe.out' has not changed.
(rerunfilecheck)             Checksum: CA791A416E4A50E0B30FC57DAD89EA3D;15032.
 ) 
Here is how much of TeX's memory you used:
 18012 strings out of 467691
 286031 string characters out of 5414019
 1533624 words of memory out of 5000000
 45711 multiletter control sequences out of 15000+600000
 654865 words of font info for 111 fonts, out of 8000000 for 9000
 1141 hyphenation exceptions out of 8191
 75i,20n,84p,1048b,2715s stack positions out of 10000i,1000n,20000p,200000b,200000s
 <C:\Users\Usuario\AppData\Local\MiKTeX\fonts/pk/ljfour/jknappen/ec/dpi600\ecti1095.pk> <C:\Users\Usuario\AppData\Local\MiKTeX\fonts/pk/ljfour/jknappen/ec/dpi600\tcrm1200.pk> <C:\Users\Usuario\AppData\Local\MiKTeX\fonts/pk/ljfour/jknappen/ec/dpi600\ecit0800.pk> <C:\Users\Usuario\AppData\Local\MiKTeX\fonts/pk/ljfour/jknappen/ec/dpi600\ecrm1095.pk> <C:\Users\Usuario\AppData\Local\MiKTeX\fonts/pk/ljfour/jknappen/ec/dpi600\ectt0800.pk> <C:\Users\Usuario\AppData\Local\MiKTeX\fonts/pk/ljfour/jknappen/ec/dpi600\ecit1000.pk> <C:\Users\Usuario\AppData\Local\MiKTeX\fonts/pk/ljfour/jknappen/ec/dpi600\ectt1000.pk> <C:\Users\Usuario\AppData\Local\MiKTeX\fonts/pk/ljfour/jknappen/ec/dpi600\ecrm0600.pk> <C:\Users\Usuario\AppData\Local\MiKTeX\fonts/pk/ljfour/jknappen/ec/dpi600\ecrm0800.pk> <C:\Users\Usuario\AppData\Local\MiKTeX\fonts/pk/ljfour/jknappen/ec/dpi600\ecbi1200.pk> <C:\Users\Usuario\AppData\Local\MiKTeX\fonts/pk/ljfour/jknappen/ec/dpi600\ecbi1440.pk> <C:\Users\Usuario\AppData\Local\MiKTeX\fonts/pk/ljfour/jknappen/ec/dpi600\ectt1200.pk> <C:\Users\Usuario\AppData\Local\MiKTeX\fonts/pk/ljfour/jknappen/ec/dpi600\ecti1200.pk> <C:\Users\Usuario\AppData\Local\MiKTeX\fonts/pk/ljfour/jknappen/ec/dpi600\ecbx1095.pk> <C:\Users\Usuario\AppData\Local\MiKTeX\fonts/pk/ljfour/jknappen/ec/dpi600\ecbx1000.pk> <C:\Users\Usuario\AppData\Local\MiKTeX\fonts/pk/ljfour/jknappen/ec/dpi600\ecrm1000.pk> <C:\Users\Usuario\AppData\Local\MiKTeX\fonts/pk/ljfour/jknappen/ec/dpi600\ecrm1200.pk> <C:\Users\Usuario\AppData\Local\MiKTeX\fonts/pk/ljfour/jknappen/ec/dpi600\ecbx1200.pk> <C:\Users\Usuario\AppData\Local\MiKTeX\fonts/pk/ljfour/jknappen/ec/dpi600\ecbx1440.pk> <C:\Users\Usuario\AppData\Local\MiKTeX\fonts/pk/ljfour/jknappen/ec/dpi600\ecbx1728.pk><C:/Users/Usuario/AppData/Local/Programs/MiKTeX/fonts/type1/public/amsfonts/cm/cmbx12.pfb><C:/Users/Usuario/AppData/Local/Programs/MiKTeX/fonts/type1/public/amsfonts/cm/cmex10.pfb><C:/Users/Usuario/AppData/Local/Programs/MiKTeX/fonts/type1/public/amsfonts/cm/cmmi10.pfb><C:/Users/Usuario/AppData/Local/Programs/MiKTeX/fonts/type1/public/amsfonts/cm/cmmi12.pfb><C:/Users/Usuario/AppData/Local/Programs/MiKTeX/fonts/type1/public/amsfonts/cm/cmmi6.pfb><C:/Users/Usuario/AppData/Local/Programs/MiKTeX/fonts/type1/public/amsfonts/cm/cmmi8.pfb><C:/Users/Usuario/AppData/Local/Programs/MiKTeX/fonts/type1/public/amsfonts/cm/cmr10.pfb><C:/Users/Usuario/AppData/Local/Programs/MiKTeX/fonts/type1/public/amsfonts/cm/cmr12.pfb><C:/Users/Usuario/AppData/Local/Programs/MiKTeX/fonts/type1/public/amsfonts/cm/cmr8.pfb><C:/Users/Usuario/AppData/Local/Programs/MiKTeX/fonts/type1/public/amsfonts/cm/cmsy10.pfb><C:/Users/Usuario/AppData/Local/Programs/MiKTeX/fonts/type1/public/amsfonts/cm/cmsy8.pfb><C:/Users/Usuario/AppData/Local/Programs/MiKTeX/fonts/type1/public/amsfonts/cm/cmtt12.pfb><C:/Users/Usuario/AppData/Local/Programs/MiKTeX/fonts/type1/public/amsfonts/symbols/msam10.pfb><C:/Users/Usuario/AppData/Local/Programs/MiKTeX/fonts/type1/public/amsfonts/symbols/msbm10.pfb>
Output written on informe.pdf (120 pages, 10701233 bytes).
PDF statistics:
 3529 PDF objects out of 3580 (max. 8388607)
 1139 named destinations out of 1200 (max. 500000)
 1041 words of extra memory for PDF output out of 10000 (max. 10000000)

