\BOOKMARK [1][-]{section.1}{\376\377\000I\000n\000t\000r\000o\000d\000u\000c\000c\000i\000\363\000n}{}% 1
\BOOKMARK [1][-]{section.2}{\376\377\000M\000o\000d\000e\000l\000a\000d\000o\000\040\000m\000a\000t\000e\000m\000\341\000t\000i\000c\000o\000\040\000d\000e\000l\000\040\000s\000i\000s\000t\000e\000m\000a\000\040\000f\000\355\000s\000i\000c\000o}{}% 2
\BOOKMARK [2][-]{subsection.2.1}{\376\377\000S\000u\000b\000s\000i\000s\000t\000e\000m\000a\000\040\000T\000r\000o\000l\000l\000e\000y}{section.2}% 3
\BOOKMARK [3][-]{subsubsection.2.1.1}{\376\377\000A\000c\000c\000i\000o\000n\000a\000m\000i\000e\000n\000t\000o\000\040\000d\000e\000\040\000t\000r\000a\000s\000l\000a\000c\000i\000\363\000n\000\040\000d\000e\000l\000\040\000c\000a\000r\000r\000o}{subsection.2.1}% 4
\BOOKMARK [3][-]{subsubsection.2.1.2}{\376\377\000M\000o\000d\000e\000l\000o\000\040\000d\000e\000\040\000c\000a\000b\000l\000e\000\040\000e\000l\000\341\000s\000t\000i\000c\000o\000\040\000c\000o\000n\000\040\000a\000m\000o\000r\000t\000i\000g\000u\000a\000m\000i\000e\000n\000t\000o\000\040\000d\000e\000l\000\040\000c\000a\000r\000r\000o}{subsection.2.1}% 5
\BOOKMARK [3][-]{subsubsection.2.1.3}{\376\377\000E\000c\000u\000a\000c\000i\000\363\000n\000\040\000d\000e\000\040\000m\000o\000v\000i\000m\000i\000e\000n\000t\000o\000\040\000d\000e\000l\000\040\000c\000a\000r\000r\000o}{subsection.2.1}% 6
\BOOKMARK [3][-]{subsubsection.2.1.4}{\376\377\000S\000u\000b\000s\000i\000s\000t\000e\000m\000a\000\040\000T\000r\000o\000l\000l\000e\000y\000\040\000c\000o\000m\000p\000l\000e\000t\000o}{subsection.2.1}% 7
\BOOKMARK [2][-]{subsection.2.2}{\376\377\000S\000u\000b\000s\000i\000s\000t\000e\000m\000a\000\040\000H\000o\000i\000s\000t}{section.2}% 8
\BOOKMARK [3][-]{subsubsection.2.2.1}{\376\377\000A\000c\000c\000i\000o\000n\000a\000m\000i\000e\000n\000t\000o\000\040\000d\000e\000\040\000i\000z\000a\000j\000e\000\040\000d\000e\000\040\000c\000a\000r\000g\000a}{subsection.2.2}% 9
\BOOKMARK [3][-]{subsubsection.2.2.2}{\376\377\000M\000o\000d\000e\000l\000o\000\040\000d\000e\000\040\000c\000a\000b\000l\000e\000\040\000e\000l\000\341\000s\000t\000i\000c\000o\000-\000a\000m\000o\000r\000t\000i\000g\000u\000a\000d\000o\000\040\000d\000e\000\040\000i\000z\000a\000j\000e}{subsection.2.2}% 10
\BOOKMARK [3][-]{subsubsection.2.2.3}{\376\377\000M\000o\000v\000i\000m\000i\000e\000n\000t\000o\000\040\000d\000e\000\040\000l\000a\000\040\000c\000a\000r\000g\000a}{subsection.2.2}% 11
\BOOKMARK [3][-]{subsubsection.2.2.4}{\376\377\000\301\000n\000g\000u\000l\000o\000\040\000d\000e\000\040\000b\000a\000l\000a\000n\000c\000e\000o\000\040\000y\000\040\000l\000o\000n\000g\000i\000t\000u\000d\000\040\000r\000e\000a\000l\000\040\000d\000e\000l\000\040\000c\000a\000b\000l\000e}{subsection.2.2}% 12
\BOOKMARK [3][-]{subsubsection.2.2.5}{\376\377\000S\000u\000b\000s\000i\000s\000t\000e\000m\000a\000\040\000H\000o\000i\000s\000t\000\040\000c\000o\000m\000p\000l\000e\000t\000o}{subsection.2.2}% 13
\BOOKMARK [2][-]{subsection.2.3}{\376\377\000G\000e\000n\000e\000r\000a\000c\000i\000\363\000n\000\040\000d\000e\000l\000\040\000p\000e\000r\000f\000i\000l\000\040\000d\000e\000\040\000o\000b\000s\000t\000\341\000c\000u\000l\000o\000s\000\040\000y\000c\0000\000\050\000x\000,\000t\000\051}{section.2}% 14
\BOOKMARK [2][-]{subsection.2.4}{\376\377\000F\000i\000n\000e\000s\000\040\000d\000e\000\040\000c\000a\000r\000r\000e\000r\000a\000\040\000y\000\040\000d\000e\000t\000e\000c\000t\000o\000r\000e\000s\000\040\000d\000e\000\040\000s\000o\000b\000r\000e\000v\000e\000l\000o\000c\000i\000d\000a\000d}{section.2}% 15
\BOOKMARK [2][-]{subsection.2.5}{\376\377\000M\000o\000d\000u\000l\000a\000d\000o\000r\000e\000s\000\040\000d\000e\000\040\000t\000o\000r\000q\000u\000e\000\040\000d\000e\000\040\000l\000o\000s\000\040\000a\000c\000c\000i\000o\000n\000a\000m\000i\000e\000n\000t\000o\000s}{section.2}% 16
\BOOKMARK [2][-]{subsection.2.6}{\376\377\000S\000i\000s\000t\000e\000m\000a\000\040\000f\000\355\000s\000i\000c\000o\000\040\000c\000o\000m\000p\000l\000e\000t\000o}{section.2}% 17
\BOOKMARK [1][-]{section.3}{\376\377\000S\000i\000s\000t\000e\000m\000a\000\040\000h\000\355\000b\000r\000i\000d\000o\000\040\000d\000e\000\040\000c\000o\000n\000t\000r\000o\000l\000\040\000y\000\040\000p\000r\000o\000t\000e\000c\000c\000i\000\363\000n}{}% 18
\BOOKMARK [2][-]{subsection.3.1}{\376\377\000N\000i\000v\000e\000l\000\040\0002\000:\000\040\000C\000o\000n\000t\000r\000o\000l\000\040\000R\000e\000g\000u\000l\000a\000t\000o\000r\000i\000o}{section.3}% 19
\BOOKMARK [3][-]{subsubsection.3.1.1}{\376\377\000C\000o\000n\000t\000r\000o\000l\000a\000d\000o\000r\000\040\000d\000e\000\040\000t\000r\000a\000s\000l\000a\000c\000i\000\363\000n\000\040\000d\000e\000l\000\040\000c\000a\000r\000r\000o}{subsection.3.1}% 20
\BOOKMARK [3][-]{subsubsection.3.1.2}{\376\377\000C\000o\000n\000t\000r\000o\000l\000a\000d\000o\000r\000\040\000d\000e\000\040\000i\000z\000a\000j\000e\000\040\000d\000e\000\040\000l\000a\000\040\000c\000a\000r\000g\000a}{subsection.3.1}% 21
\BOOKMARK [3][-]{subsubsection.3.1.3}{\376\377\000C\000o\000n\000t\000r\000o\000l\000a\000d\000o\000r\000\040\000d\000e\000\040\000o\000s\000c\000i\000l\000a\000c\000i\000\363\000n\000\040\000d\000e\000\040\000l\000a\000\040\000c\000a\000r\000g\000a}{subsection.3.1}% 22
\BOOKMARK [3][-]{subsubsection.3.1.4}{\376\377\000N\000i\000v\000e\000l\000\040\0002\000\040\000c\000o\000m\000p\000l\000e\000t\000o}{subsection.3.1}% 23
\BOOKMARK [2][-]{subsection.3.2}{\376\377\000C\000o\000n\000v\000e\000r\000s\000i\000\363\000n\000\040\000d\000e\000\040\000l\000o\000s\000\040\000d\000i\000a\000g\000r\000a\000m\000a\000s\000\040\000d\000e\000\040\000b\000l\000o\000q\000u\000e\000s\000\040\000d\000e\000l\000\040\000N\000i\000v\000e\000l\000\040\0002\000\040\000a\000\040\000M\000A\000T\000L\000A\000B\000\040\000F\000u\000n\000c\000t\000i\000o\000n}{section.3}% 24
\BOOKMARK [3][-]{subsubsection.3.2.1}{\376\377\000C\000o\000n\000t\000r\000o\000l\000a\000d\000o\000r\000\040\000d\000e\000\040\000t\000r\000a\000s\000l\000a\000c\000i\000\363\000n\000\040\000d\000e\000l\000\040\000c\000a\000r\000r\000o}{subsection.3.2}% 25
\BOOKMARK [3][-]{subsubsection.3.2.2}{\376\377\000O\000b\000s\000e\000r\000v\000a\000d\000o\000r\000\040\000d\000e\000\040\000e\000s\000t\000a\000d\000o\000s\000\040\000d\000e\000l\000\040\000c\000a\000r\000r\000o}{subsection.3.2}% 26
\BOOKMARK [3][-]{subsubsection.3.2.3}{\376\377\000C\000o\000n\000t\000r\000o\000l\000a\000d\000o\000r\000\040\000d\000e\000\040\000i\000z\000a\000j\000e\000\040\000d\000e\000\040\000c\000a\000r\000g\000a}{subsection.3.2}% 27
\BOOKMARK [3][-]{subsubsection.3.2.4}{\376\377\000O\000b\000s\000e\000r\000v\000a\000d\000o\000r\000\040\000d\000e\000\040\000e\000s\000t\000a\000d\000o\000s\000\040\000d\000e\000l\000\040\000i\000z\000a\000j\000e}{subsection.3.2}% 28
\BOOKMARK [3][-]{subsubsection.3.2.5}{\376\377\000C\000o\000n\000t\000r\000o\000l\000a\000d\000o\000r\000\040\000p\000a\000r\000a\000l\000e\000l\000o\000\040\000d\000e\000\040\000b\000a\000l\000a\000n\000c\000e\000o}{subsection.3.2}% 29
\BOOKMARK [2][-]{subsection.3.3}{\376\377\000N\000i\000v\000e\000l\000\040\0001\000:\000\040\000C\000o\000n\000t\000r\000o\000l\000\040\000S\000u\000p\000e\000r\000v\000i\000s\000o\000r}{section.3}% 30
\BOOKMARK [3][-]{subsubsection.3.3.1}{\376\377\000E\000s\000t\000r\000u\000c\000t\000u\000r\000a\000\040\000g\000e\000n\000e\000r\000a\000l\000\040\040\024\000\040\000H\000e\000a\000r\000t\000b\000e\000a\000t\000\040\000y\000\040\000e\000s\000t\000a\000d\000o\000\040\000O\000F\000F}{subsection.3.3}% 31
\BOOKMARK [3][-]{subsubsection.3.3.2}{\376\377\000L\000\363\000g\000i\000c\000a\000\040\000d\000e\000\040\000f\000r\000e\000n\000o\000s}{subsection.3.3}% 32
\BOOKMARK [3][-]{subsubsection.3.3.3}{\376\377\000F\000i\000n\000e\000s\000\040\000d\000e\000\040\000c\000a\000r\000r\000e\000r\000a}{subsection.3.3}% 33
\BOOKMARK [3][-]{subsubsection.3.3.4}{\376\377\000M\000o\000d\000o\000s\000\040\000d\000e\000\040\000o\000p\000e\000r\000a\000c\000i\000\363\000n}{subsection.3.3}% 34
\BOOKMARK [3][-]{subsubsection.3.3.5}{\376\377\000L\000\363\000g\000i\000c\000a\000\040\000d\000e\000\040\000t\000w\000i\000s\000t\000l\000o\000c\000k\000s}{subsection.3.3}% 35
\BOOKMARK [3][-]{subsubsection.3.3.6}{\376\377\000C\000o\000n\000t\000r\000o\000l\000\040\000d\000e\000\040\000b\000a\000l\000a\000n\000c\000e\000o\000\040\000d\000e\000\040\000c\000a\000r\000g\000a}{subsection.3.3}% 36
\BOOKMARK [3][-]{subsubsection.3.3.7}{\376\377\000M\000a\000p\000a\000\040\000L\000I\000D\000A\000R}{subsection.3.3}% 37
\BOOKMARK [3][-]{subsubsection.3.3.8}{\376\377\000B\000a\000n\000d\000e\000r\000a\000s\000\040\000d\000e\000\040\000m\000o\000v\000i\000m\000i\000e\000n\000t\000o}{subsection.3.3}% 38
\BOOKMARK [3][-]{subsubsection.3.3.9}{\376\377\000P\000l\000a\000n\000i\000f\000i\000c\000a\000d\000o\000r\000\040\000d\000e\000\040\000t\000r\000a\000y\000e\000c\000t\000o\000r\000i\000a\000s}{subsection.3.3}% 39
\BOOKMARK [3][-]{subsubsection.3.3.10}{\376\377\000C\000i\000c\000l\000o\000\040\000o\000p\000e\000r\000a\000t\000i\000v\000o\000\040\040\024\000\040\000P\000i\000c\000k\000u\000p\000\137\000A\000n\000d\000\137\000P\000l\000a\000c\000e\000\137\000L\000o\000o\000p}{subsection.3.3}% 40
\BOOKMARK [3][-]{subsubsection.3.3.11}{\376\377\000G\000e\000n\000e\000r\000a\000c\000i\000\363\000n\000\040\000d\000e\000\040\000t\000r\000a\000y\000e\000c\000t\000o\000r\000i\000a\000s}{subsection.3.3}% 41
\BOOKMARK [2][-]{subsection.3.4}{\376\377\000N\000i\000v\000e\000l\000\040\0000\000:\000\040\000S\000e\000g\000u\000r\000i\000d\000a\000d\000\040\000y\000\040\000P\000r\000o\000t\000e\000c\000c\000i\000\363\000n}{section.3}% 42
\BOOKMARK [3][-]{subsubsection.3.4.1}{\376\377\000E\000m\000e\000r\000g\000e\000n\000c\000i\000e\000s}{subsection.3.4}% 43
\BOOKMARK [3][-]{subsubsection.3.4.2}{\376\377\000S\000u\000b\000e\000s\000t\000a\000d\000o\000\040\000T\000r\000o\000l\000l\000e\000y\000\137\000E\000m\000g\000y}{subsection.3.4}% 44
\BOOKMARK [3][-]{subsubsection.3.4.3}{\376\377\000S\000u\000b\000e\000s\000t\000a\000d\000o\000\040\000H\000o\000i\000s\000t\000\137\000E\000m\000g\000y}{subsection.3.4}% 45
\BOOKMARK [3][-]{subsubsection.3.4.4}{\376\377\000S\000u\000b\000e\000s\000t\000a\000d\000o\000\040\000G\000l\000o\000b\000a\000l\000\137\000E\000m\000g\000y}{subsection.3.4}% 46
\BOOKMARK [3][-]{subsubsection.3.4.5}{\376\377\000W\000a\000t\000c\000h\000d\000o\000g}{subsection.3.4}% 47
\BOOKMARK [1][-]{section.4}{\376\377\000I\000m\000p\000l\000e\000m\000e\000n\000t\000a\000c\000i\000\363\000n\000\040\000d\000e\000\040\000l\000o\000s\000\040\000N\000i\000v\000e\000l\000e\000s\000\040\0000\000\040\000y\000\040\0001\000\040\000e\000n\000\040\000C\000O\000D\000E\000S\000Y\000S}{}% 48
\BOOKMARK [1][-]{section.5}{\376\377\000I\000n\000t\000e\000r\000f\000a\000z\000\040\000H\000M\000I}{}% 49
\BOOKMARK [2][-]{subsection.5.1}{\376\377\000C\000o\000n\000t\000r\000o\000l\000\040\000d\000e\000\040\000m\000a\000n\000d\000o\000\040\040\024\000\040\000J\000o\000y\000s\000t\000i\000c\000k\000\040\000P\000S\0004}{section.5}% 50
\BOOKMARK [2][-]{subsection.5.2}{\376\377\000V\000i\000s\000u\000a\000l\000i\000z\000a\000c\000i\000\363\000n\000\040\000e\000n\000\040\000t\000i\000e\000m\000p\000o\000\040\000r\000e\000a\000l\000\040\040\024\000\040\000R\000T\000\137\000V\000I\000E\000W}{section.5}% 51
\BOOKMARK [2][-]{subsection.5.3}{\376\377\000P\000a\000n\000e\000l\000\040\000d\000e\000\040\000m\000o\000n\000i\000t\000o\000r\000e\000o\000\040\000e\000n\000\040\000S\000i\000m\000u\000l\000i\000n\000k\000\040\040\024\000\040\000D\000a\000s\000h\000b\000o\000a\000r\000d}{section.5}% 52
\BOOKMARK [1][-]{section.6}{\376\377\000R\000e\000s\000u\000l\000t\000a\000d\000o\000s}{}% 53
\BOOKMARK [2][-]{subsection.6.1}{\376\377\000R\000e\000n\000d\000i\000m\000i\000e\000n\000t\000o\000:\000\040\000c\000i\000c\000l\000o\000\040\000s\000i\000m\000p\000l\000e}{section.6}% 54
\BOOKMARK [2][-]{subsection.6.2}{\376\377\000P\000r\000u\000e\000b\000a\000s\000\040\000a\000d\000i\000c\000i\000o\000n\000a\000l\000e\000s}{section.6}% 55
\BOOKMARK [3][-]{subsubsection.6.2.1}{\376\377\000F\000i\000n\000e\000s\000\040\000d\000e\000\040\000c\000a\000r\000r\000e\000r\000a}{subsection.6.2}% 56
\BOOKMARK [3][-]{subsubsection.6.2.2}{\376\377\000L\000\355\000m\000i\000t\000e\000s\000\040\000d\000e\000\040\000s\000o\000b\000r\000e\000v\000e\000l\000o\000c\000i\000d\000a\000d}{subsection.6.2}% 57
\BOOKMARK [3][-]{subsubsection.6.2.3}{\376\377\000E\000m\000e\000r\000g\000e\000n\000c\000i\000a\000s}{subsection.6.2}% 58
\BOOKMARK [3][-]{subsubsection.6.2.4}{\376\377\000S\000o\000b\000r\000e\000c\000a\000r\000g\000a}{subsection.6.2}% 59
\BOOKMARK [3][-]{subsubsection.6.2.5}{\376\377\000E\000s\000t\000i\000m\000a\000c\000i\000\363\000n\000\040\000d\000e\000\040\000m\000a\000s\000a}{subsection.6.2}% 60
\BOOKMARK [2][-]{subsection.6.3}{\376\377\000E\000n\000l\000a\000c\000e\000s\000\040\000a\000\040\000v\000i\000d\000e\000o\000s}{section.6}% 61
\BOOKMARK [1][-]{subsection.6.3}{\376\377\000R\000e\000f\000e\000r\000e\000n\000c\000i\000a\000s}{}% 62
